2026-08-30 14:33:34 0 [Note] Starting MariaDB 12.3.3-MariaDB source revision 83e909fc2a0dbc394b4b683fb3fa2d7dcf26cc5e server_uid DWWzPX7bIJZuEAid7bWKpI0cUWA= as process 6804
2026-08-30 14:33:34 0 [Note] InnoDB: Compressed tables use zlib 1.3.2
2026-08-30 14:33:34 0 [Note] InnoDB: Number of transaction pools: 1
2026-08-30 14:33:34 0 [Note] InnoDB: Using crc32 + pclmulqdq instructions
2026-08-30 14:33:34 0 [Note] InnoDB: Using ThreadPool
2026-08-30 14:33:34 0 [Note] InnoDB: innodb_buffer_pool_size_max=8388608m, innodb_buffer_pool_size=16m
2026-08-30 14:33:34 0 [Note] InnoDB: Completed initialization of buffer pool
2026-08-30 14:33:34 0 [Note] InnoDB: Buffered log writes (block size=512 bytes)
2026-08-30 14:33:35 0 [Note] InnoDB: End of log at LSN=202758
2026-08-30 14:33:35 0 [Note] InnoDB: Opened 3 undo tablespaces
2026-08-30 14:33:35 0 [Note] InnoDB: 128 rollback segments in 3 undo tablespaces are active.
2026-08-30 14:33:35 0 [Note] InnoDB: Setting file './ibtmp1' size to 12.000MiB. Physically writing the file full; Please wait ...
2026-08-30 14:33:35 0 [Note] InnoDB: File './ibtmp1' size is now 12.000MiB.
2026-08-30 14:33:37 0 [Note] InnoDB: log sequence number 202758; transaction id 146
2026-08-30 14:33:37 0 [Note] InnoDB: Loading buffer pool(s) from E:\mariadb-data\ib_buffer_pool
2026-08-30 14:33:37 0 [Note] Plugin 'FEEDBACK' is disabled.
2026-08-30 14:33:37 0 [Note] mysqld.exe: SSPI: using principal name 'localhost', mech 'Negotiate'
2026-08-30 14:33:37 0 [Note] InnoDB: Buffer pool(s) load completed at 260830 14:33:37
2026-08-30 14:33:37 0 [Note] Server socket created on IP: '127.0.0.1', port: '3306'.
2026-08-30 14:33:38 0 [Note] Servers-Win\mariadb-12.3.3-win\bin\mysqld.exe: ready for connections.
Version: '12.3.3-MariaDB'  socket: ''  port: 3306  MariaDB Server
2026-08-30 16:20:03 0 [Note] Starting MariaDB 12.3.3-MariaDB source revision 83e909fc2a0dbc394b4b683fb3fa2d7dcf26cc5e server_uid DWWzPX7bIJZuEAid7bWKpI0cUWA= as process 26940
2026-08-30 16:20:03 0 [Note] InnoDB: Compressed tables use zlib 1.3.2
2026-08-30 16:20:03 0 [Note] InnoDB: Number of transaction pools: 1
2026-08-30 16:20:03 0 [Note] InnoDB: Using crc32 + pclmulqdq instructions
2026-08-30 16:20:03 0 [Note] InnoDB: Using ThreadPool
2026-08-30 16:20:03 0 [Note] InnoDB: innodb_buffer_pool_size_max=8388608m, innodb_buffer_pool_size=16m
2026-08-30 16:20:03 0 [Note] InnoDB: Completed initialization of buffer pool
2026-08-30 16:20:03 0 [Note] InnoDB: Buffered log writes (block size=512 bytes)
2026-08-30 16:20:04 0 [Note] InnoDB: Starting crash recovery from checkpoint LSN=202742
2026-08-30 16:20:04 0 [Note] InnoDB: End of log at LSN=206734
2026-08-30 16:20:04 0 [Note] InnoDB: To recover: 24 pages
2026-08-30 16:20:04 0 [Note] InnoDB: Opened 3 undo tablespaces
2026-08-30 16:20:04 0 [Note] InnoDB: 128 rollback segments in 3 undo tablespaces are active.
2026-08-30 16:20:04 0 [Note] InnoDB: Removed temporary tablespace data file: "./ibtmp1"
2026-08-30 16:20:04 0 [Note] InnoDB: Setting file './ibtmp1' size to 12.000MiB. Physically writing the file full; Please wait ...
2026-08-30 16:20:04 0 [Note] InnoDB: File './ibtmp1' size is now 12.000MiB.
2026-08-30 16:20:05 0 [Note] InnoDB: log sequence number 206734; transaction id 158
2026-08-30 16:20:05 0 [Note] Plugin 'FEEDBACK' is disabled.
2026-08-30 16:20:05 0 [Note] InnoDB: Loading buffer pool(s) from E:\mariadb-data\ib_buffer_pool
2026-08-30 16:20:05 0 [Note] mysqld.exe: SSPI: using principal name 'localhost', mech 'Negotiate'
2026-08-30 16:20:05 0 [Note] Recovering after a crash using tc.log
2026-08-30 16:20:05 0 [Note] Starting table crash recovery...
2026-08-30 16:20:05 0 [Note] Crash table recovery finished.
2026-08-30 16:20:09 0 [Note] InnoDB: Buffer pool(s) load completed at 260830 16:20:09
2026-08-30 16:20:10 0 [Note] Server socket created on IP: '127.0.0.1', port: '3306'.
2026-08-30 16:20:10 0 [Note] Servers-Win\mariadb-12.3.3-win\bin\mysqld.exe: ready for connections.
Version: '12.3.3-MariaDB'  socket: ''  port: 3306  MariaDB Server
2026-08-30 16:58:05 0 [Note] console_event_handler: received CTRL_CLOSE_EVENT event, terminating
2026-09-04  0:33:33 0 [Note] Starting MariaDB 12.3.3-MariaDB source revision 83e909fc2a0dbc394b4b683fb3fa2d7dcf26cc5e server_uid DWWzPX7bIJZuEAid7bWKpI0cUWA= as process 1980
2026-09-04  0:33:33 0 [Note] InnoDB: Compressed tables use zlib 1.3.2
2026-09-04  0:33:33 0 [Note] InnoDB: Number of transaction pools: 1
2026-09-04  0:33:33 0 [Note] InnoDB: Using crc32 + pclmulqdq instructions
2026-09-04  0:33:33 0 [Note] InnoDB: Using ThreadPool
2026-09-04  0:33:33 0 [Note] InnoDB: innodb_buffer_pool_size_max=8388608m, innodb_buffer_pool_size=16m
2026-09-04  0:33:33 0 [Note] InnoDB: Completed initialization of buffer pool
2026-09-04  0:33:33 0 [Note] InnoDB: Buffered log writes (block size=512 bytes)
2026-09-04  0:33:33 0 [Note] InnoDB: End of log at LSN=208726
2026-09-04  0:33:33 0 [Note] InnoDB: Opened 3 undo tablespaces
2026-09-04  0:33:33 0 [Note] InnoDB: 128 rollback segments in 3 undo tablespaces are active.
2026-09-04  0:33:33 0 [Note] InnoDB: Setting file './ibtmp1' size to 12.000MiB. Physically writing the file full; Please wait ...
2026-09-04  0:33:33 0 [Note] InnoDB: File './ibtmp1' size is now 12.000MiB.
2026-09-04  0:33:34 0 [Note] InnoDB: log sequence number 208726; transaction id 163
2026-09-04  0:33:34 0 [Note] InnoDB: Loading buffer pool(s) from E:\mariadb-data\ib_buffer_pool
2026-09-04  0:33:34 0 [Note] Plugin 'FEEDBACK' is disabled.
2026-09-04  0:33:34 0 [Note] mysqld.exe: SSPI: using principal name 'localhost', mech 'Negotiate'
2026-09-04  0:33:34 0 [Note] InnoDB: Buffer pool(s) load completed at 260904  0:33:34
2026-09-04  0:33:34 0 [Note] Server socket created on IP: '127.0.0.1', port: '3306'.
2026-09-04  0:33:34 0 [Note] OS_Windows\Software\mariadb\bin\mysqld.exe: ready for connections.
Version: '12.3.3-MariaDB'  socket: ''  port: 3306  MariaDB Server
2026-09-04  1:41:36 0 [Note] Starting MariaDB 12.3.3-MariaDB source revision 83e909fc2a0dbc394b4b683fb3fa2d7dcf26cc5e server_uid DWWzPX7bIJZuEAid7bWKpI0cUWA= as process 24776
2026-09-04  1:41:36 0 [Note] InnoDB: Compressed tables use zlib 1.3.2
2026-09-04  1:41:36 0 [Note] InnoDB: Number of transaction pools: 1
2026-09-04  1:41:36 0 [Note] InnoDB: Using crc32 + pclmulqdq instructions
2026-09-04  1:41:36 0 [Note] InnoDB: Using ThreadPool
2026-09-04  1:41:36 0 [Note] InnoDB: innodb_buffer_pool_size_max=8388608m, innodb_buffer_pool_size=16m
2026-09-04  1:41:36 0 [Note] InnoDB: Completed initialization of buffer pool
2026-09-04  1:41:36 0 [Note] InnoDB: Buffered log writes (block size=512 bytes)
2026-09-04  1:41:36 0 [Note] InnoDB: End of log at LSN=208726
2026-09-04  1:41:36 0 [Note] InnoDB: Opened 3 undo tablespaces
2026-09-04  1:41:36 0 [Note] InnoDB: 128 rollback segments in 3 undo tablespaces are active.
2026-09-04  1:41:36 0 [Note] InnoDB: Removed temporary tablespace data file: "./ibtmp1"
2026-09-04  1:41:36 0 [Note] InnoDB: Setting file './ibtmp1' size to 12.000MiB. Physically writing the file full; Please wait ...
2026-09-04  1:41:36 0 [Note] InnoDB: File './ibtmp1' size is now 12.000MiB.
2026-09-04  1:41:36 0 [Note] InnoDB: log sequence number 208726; transaction id 163
2026-09-04  1:41:36 0 [Note] Plugin 'FEEDBACK' is disabled.
2026-09-04  1:41:36 0 [Note] InnoDB: Loading buffer pool(s) from E:\mariadb-data\ib_buffer_pool
2026-09-04  1:41:36 0 [Note] mysqld.exe: SSPI: using principal name 'localhost', mech 'Negotiate'
2026-09-04  1:41:36 0 [Note] Recovering after a crash using tc.log
2026-09-04  1:41:36 0 [Note] Starting table crash recovery...
2026-09-04  1:41:36 0 [Note] Crash table recovery finished.
2026-09-04  1:41:36 0 [Note] InnoDB: Buffer pool(s) load completed at 260904  1:41:36
2026-09-04  1:41:38 0 [Note] Server socket created on IP: '127.0.0.1', port: '3306'.
2026-09-04  1:41:38 0 [Note] OS_Windows\Software\mariadb\bin\mysqld.exe: ready for connections.
Version: '12.3.3-MariaDB'  socket: ''  port: 3306  MariaDB Server
2026-09-04  1:52:54 0 [Note] Starting MariaDB 12.3.3-MariaDB source revision 83e909fc2a0dbc394b4b683fb3fa2d7dcf26cc5e server_uid DWWzPX7bIJZuEAid7bWKpI0cUWA= as process 6064
2026-09-04  1:52:54 0 [Note] InnoDB: Compressed tables use zlib 1.3.2
2026-09-04  1:52:54 0 [Note] InnoDB: Number of transaction pools: 1
2026-09-04  1:52:54 0 [Note] InnoDB: Using crc32 + pclmulqdq instructions
2026-09-04  1:52:54 0 [Note] InnoDB: Using ThreadPool
2026-09-04  1:52:54 0 [Note] InnoDB: innodb_buffer_pool_size_max=8388608m, innodb_buffer_pool_size=16m
2026-09-04  1:52:54 0 [Note] InnoDB: Completed initialization of buffer pool
2026-09-04  1:52:54 0 [Note] InnoDB: Buffered log writes (block size=512 bytes)
2026-09-04  1:52:54 0 [Note] InnoDB: End of log at LSN=208726
2026-09-04  1:52:54 0 [Note] InnoDB: Opened 3 undo tablespaces
2026-09-04  1:52:54 0 [Note] InnoDB: 128 rollback segments in 3 undo tablespaces are active.
2026-09-04  1:52:54 0 [Note] InnoDB: Removed temporary tablespace data file: "./ibtmp1"
2026-09-04  1:52:54 0 [Note] InnoDB: Setting file './ibtmp1' size to 12.000MiB. Physically writing the file full; Please wait ...
2026-09-04  1:52:54 0 [Note] InnoDB: File './ibtmp1' size is now 12.000MiB.
2026-09-04  1:52:54 0 [Note] InnoDB: log sequence number 208726; transaction id 163
2026-09-04  1:52:54 0 [Note] Plugin 'FEEDBACK' is disabled.
2026-09-04  1:52:54 0 [Note] InnoDB: Loading buffer pool(s) from E:\mariadb-data\ib_buffer_pool
2026-09-04  1:52:54 0 [Note] mysqld.exe: SSPI: using principal name 'localhost', mech 'Negotiate'
2026-09-04  1:52:54 0 [Note] Recovering after a crash using tc.log
2026-09-04  1:52:54 0 [Note] Starting table crash recovery...
2026-09-04  1:52:54 0 [Note] Crash table recovery finished.
2026-09-04  1:52:54 0 [Note] InnoDB: Buffer pool(s) load completed at 260904  1:52:54
2026-09-04  1:52:54 0 [Note] Server socket created on IP: '127.0.0.1', port: '3306'.
2026-09-04  1:52:54 0 [Note] OS_Windows\Software\mariadb\bin\mysqld.exe: ready for connections.
Version: '12.3.3-MariaDB'  socket: ''  port: 3306  MariaDB Server
