2026-09-02 22:40:26.800 - DBeaver 26.1.5.202608161900 is starting
2026-09-02 22:40:26.800 - OS: Linux 7.2.2-pikaos (amd64)
2026-09-02 22:40:26.800 - Java version: 25.0.3 by Eclipse Adoptium (64bit)
2026-09-02 22:40:26.800 - Install path: '/run/media/jago_dragon/WebDevTest/OS_Linux/DesktopApps/dbeaver-portable'
2026-09-02 22:40:26.800 - Instance path: 'file:/run/media/jago_dragon/WebDevTest/OS_Linux/DesktopApps/dbeaver-portable/workspace/'
2026-09-02 22:40:26.801 - Memory available 132Mb/1024Mb
2026-09-02 22:40:26.804 - Initialize desktop platform...
2026-09-02 22:40:26.975 - BounceCastle bundle found. Use JCE provider BC
> Start Core File Systems [org.eclipse.core.filesystem 1.11.400.v20251107-0507]
> Start Core Resource Management [org.eclipse.core.resources 3.24.0.v20260518-1150]
> Start Team Support Core [org.eclipse.team.core 3.10.1000.v20260112-1030]
> Start DBeaver UI Navigator [org.jkiss.dbeaver.ui.navigator 1.0.185.202608161900]
> Start JFace Text [org.eclipse.jface.text 3.31.0.v20260428-1719]
> Start Text [org.eclipse.text 3.14.700.v20260326-1107]
2026-09-02 22:40:27.133 - Initialize base platform...
2026-09-02 22:40:27.137 - Platform initialized (333ms)
2026-09-02 22:40:27.140 - 	Create display
> Start Eclipse IDE UI [org.eclipse.ui.ide 3.23.100.v20260505-0615]
2026-09-02 22:40:27.197 - 	Patch workbench configuration
2026-09-02 22:40:27.220 - 	Starting instance server at http://localhost:43531
2026-09-02 22:40:27.223 - Run workbench
> Start Eclipse e4 Workbench SWT [org.eclipse.e4.ui.workbench.swt 0.18.100.v20260430-1313]
> Start Eclipse Application Services [org.eclipse.e4.core.services 2.5.400.v20260430-1313]
> Start Eclipse UI Application Services [org.eclipse.e4.ui.services 1.6.700.v20260430-1313]
> Start Eclipse e4 Progress View [org.eclipse.e4.ui.progress 0.5.100.v20260516-1214]
> Start Eclipse Bindings Support [org.eclipse.e4.ui.bindings 0.15.100.v20260430-1313]
> Start Eclipse e4 core commands [org.eclipse.e4.core.commands 1.1.800.v20260430-1313]
> Start EMF XML/XMI Persistence [org.eclipse.emf.ecore.xmi 2.40.0.v20251210-1145]
> Start Eclipse CSS SWT Theme Support [org.eclipse.e4.ui.css.swt.theme 0.15.100.v20260507-0340]
> Start Eclipse e4 Workbench Add-ons [org.eclipse.e4.ui.workbench.addons.swt 1.6.100.v20260430-1313]
> Start Eclipse e4 Workbench SWT Renderer [org.eclipse.e4.ui.workbench.renderers.swt 0.18.0.v20260508-0707]
> Start Eclipse Dependency Injection Extensions [org.eclipse.e4.core.di.extensions 0.18.300.v20240413-1529]
> Start DBeaver AI Model [org.jkiss.dbeaver.model.ai 2.0.28.202608161900]
> Start DBeaver AI UI [org.jkiss.dbeaver.ui.ai 1.0.87.202608161900]
> Start Eclipse CSS SWT Support [org.eclipse.e4.ui.css.swt 0.17.0.v20260516-1214]
> Start Equinox Java Authentication and Authorization Service (JAAS) [org.eclipse.equinox.security 1.4.700.v20250622-1644]
> Start Internet Connection Management UI [org.eclipse.ui.net 1.6.0.v20251219-1227]
> Start Internet Connection Management [org.eclipse.core.net 1.5.900.v20260507-0401]
> Start GEF Classic Draw2d [org.eclipse.draw2d 3.23.0.202605171958]
> Start GEF Classic GEF (MVC) [org.eclipse.gef 3.26.0.202605171956]
> Start Eclipse SDK Themes [org.eclipse.ui.themes 1.3.0.v20260508-0854]
> Start Default Text Editor [org.eclipse.ui.editors 3.22.0.v20260421-0620]
> Start Text Editor Framework [org.eclipse.ui.workbench.texteditor 3.20.100.v20260505-0620]
2026-09-02 22:40:28.055 - Configure workbench window
> Start DBeaver SQL Model [org.jkiss.dbeaver.model.sql 1.0.175.202608161900]
2026-09-02 22:40:28.144 - Total database drivers: 135 (135)
> Start Help System Core [org.eclipse.help 3.11.100.v20260408-1441]
2026-09-02 22:40:28.188 - Create actions
2026-09-02 22:40:28.979 - Initialize workbench window
2026-09-02 22:40:28.989 - Finish initialization
> Start DBeaver UI Editors - Data [org.jkiss.dbeaver.ui.editors.data 1.0.185.202608161900]
> Start DBeaver UI Editors - SQL [org.jkiss.dbeaver.ui.editors.sql 1.0.185.202608161900]
> Start DBeaver NIO Model [org.jkiss.dbeaver.model.nio 1.0.69.202608161900]
> Start DBeaver Dashboard UI [org.jkiss.dbeaver.ui.dashboard 1.0.182.202608161900]
> Start DBeaver ERD UI [org.jkiss.dbeaver.ui.editors.erd 3.1.26.202608161900]
> Start DBeaver ERD Model [org.jkiss.dbeaver.model.erd 1.1.26.202608161900]
> Start DBeaver Sample Database [org.jkiss.dbeaver.ui.config.sample 1.0.222.202608161900]
2026-09-02 22:40:29.433 - Open [https://dbeaver.io/product/version.xml]
2026-09-02 22:40:40.392 - Dispose navigator model
2026-09-02 22:40:40.431 - DBeaver is stopping
2026-09-02 22:40:40.433 - Stop instance server
2026-09-02 22:40:40.434 - Instance server has been stopped
2026-09-02 22:40:40.443 - DBeaver shutdown completed
2026-09-02 22:40:40.459 - Shutdown desktop platform...
2026-09-02 22:40:40.486 - Platform shutdown completed (27ms)
