This file contains any messages produced by compilers while
running configure, to aid debugging if configure makes a mistake.

It was created by curl configure -, which was
generated by GNU Autoconf 2.71.  Invocation command line was

  $ ./configure --prefix=/run/media/jago_dragon/WebDev/Servers-linux/SharedLibs/curl-static --with-ssl=/run/media/jago_dragon/WebDev/Servers-linux/SharedLibs/openssl-static --with-zlib=/run/media/jago_dragon/WebDev/Servers-linux/SharedLibs/zlib-static --enable-static --disable-shared --disable-http3 --disable-quic --disable-nghttp2 'LDFLAGS=-static -L/run/media/jago_dragon/WebDev/Servers-linux/SharedLibs/zlib-static/lib' LIBS=-lz

## --------- ##
## Platform. ##
## --------- ##

hostname = DadsPC
uname -m = x86_64
uname -r = 7.2.2-pikaos
uname -s = Linux
uname -v = #101pika1 SMP PREEMPT_DYNAMIC Fri Aug 28 08:57:16 UTC 2026

/usr/bin/uname -p = unknown
/bin/uname -X     = unknown

/bin/arch              = x86_64
/usr/bin/arch -k       = unknown
/usr/convex/getsysinfo = unknown
/usr/bin/hostinfo      = unknown
/bin/machine           = unknown
/usr/bin/oslevel       = unknown
/bin/universe          = unknown

PATH: /opt/wine-devel/bin/
PATH: /opt/wine-staging/bin/
PATH: /opt/wine-stable/bin/
PATH: /usr/local/sbin/
PATH: /usr/local/bin/
PATH: /usr/local/libexec/
PATH: /usr/sbin/
PATH: /usr/bin/
PATH: /sbin/
PATH: /bin/
PATH: /usr/libexec/
PATH: /usr/local/games/
PATH: /usr/games/
PATH: /usr/local/bin/
PATH: /usr/bin/
PATH: /bin/
PATH: /usr/local/games/
PATH: /usr/games/


## ----------- ##
## Core tests. ##
## ----------- ##

configure:3366: looking for aux files: ltmain.sh config.guess config.sub missing compile install-sh
configure:3379:  trying ./
configure:3408:   ./ltmain.sh found
configure:3408:   ./config.guess found
configure:3408:   ./config.sub found
configure:3408:   ./missing found
configure:3408:   ./compile found
configure:3390:   ./install-sh found
configure:3534: checking whether to enable maintainer-specific portions of Makefiles
configure:3544: result: no
configure:3569: checking whether make supports nested variables
configure:3587: result: yes
configure:3602: checking whether to enable debug build options
configure:3622: result: no
configure:3636: checking whether to enable compiler optimizer
configure:3658: result: (assumed) yes
configure:3673: checking whether to enable strict compiler warnings
configure:3693: result: no
configure:3698: checking whether to enable compiler warnings as errors
configure:3718: result: no
configure:3723: checking whether to enable hiding of library internal symbols
configure:3740: result: yes
configure:3752: checking whether to enable c-ares for DNS lookups
configure:3775: result: no
configure:3780: checking whether to disable dependency on -lrt
configure:3797: result: (assumed no)
configure:3808: checking whether to enable HTTPSRR support
configure:3827: result: no
configure:3839: checking whether to enable ECH support
configure:3858: result: no
configure:3870: checking whether to enable SSL session export support
configure:3889: result: no
configure:3900: checking whether to enable HTTP/3 proxy support
configure:3919: result: no
configure:3969: checking for path separator
configure:3971: result: :
configure:3991: checking for sed
configure:4015: found /usr/bin/sed
configure:4028: result: /usr/bin/sed
configure:4045: checking for grep
configure:4069: found /usr/bin/grep
configure:4082: result: /usr/bin/grep
configure:4097: checking that grep -E works
configure:4101: result: yes
configure:4213: checking for ar
configure:4237: found /usr/bin/ar
configure:4249: result: /usr/bin/ar
configure:4476: checking for a BSD-compatible install
configure:4549: result: /usr/bin/install -c
configure:4626: checking for gcc
configure:4658: result: musl-gcc -static
configure:5011: checking for C compiler version
configure:5020: musl-gcc -static --version >&5
x86_64-linux-gnu-gcc (Debian 16.2.0-1) 16.2.0
Copyright (C) 2026 Free Software Foundation, Inc.
This is free software; see the source for copying conditions.  There is NO
warranty; not even for MERCHANTABILITY or FITNESS FOR A PARTICULAR PURPOSE.

configure:5031: $? = 0
configure:5020: musl-gcc -static -v >&5
Using built-in specs.
Reading specs from /usr/lib/x86_64-linux-musl/musl-gcc.specs
rename spec cpp_options to old_cpp_options
COLLECT_GCC=x86_64-linux-gnu-gcc
COLLECT_LTO_WRAPPER=/usr/libexec/gcc/x86_64-linux-gnu/16/lto-wrapper
OFFLOAD_TARGET_NAMES=nvptx-none:amdgcn-amdhsa
OFFLOAD_TARGET_DEFAULT=1
Target: x86_64-linux-gnu
Configured with: ../src/configure -v --with-pkgversion='Debian 16.2.0-1' --with-bugurl=file:///usr/share/doc/gcc-16/README.Bugs --enable-languages=c,ada,c++,go,d,fortran,objc,obj-c++,m2,rust,cobol,algol68 --prefix=/usr --with-gcc-major-version-only --program-suffix=-16 --program-prefix=x86_64-linux-gnu- --enable-shared --enable-linker-build-id --libexecdir=/usr/libexec --without-included-gettext --enable-threads=posix --libdir=/usr/lib --enable-nls --enable-bootstrap --enable-clocale=gnu --enable-libstdcxx-debug --enable-libstdcxx-time=yes --with-default-libstdcxx-abi=new --enable-libstdcxx-backtrace --enable-gnu-unique-object --disable-vtable-verify --enable-plugin --enable-default-pie --with-system-zlib --enable-libphobos-checking=release --with-target-system-zlib=auto --enable-objc-gc=auto --enable-multiarch --disable-werror --enable-cet --with-arch-32=i686 --with-abi=m64 --with-multilib-list=m32,m64,mx32 --enable-multilib --with-tune=generic --enable-offload-targets=nvptx-none=/build/reproducible-path/gcc-16-16.2.0/debian/tmp-nvptx/usr,amdgcn-amdhsa=/build/reproducible-path/gcc-16-16.2.0/debian/tmp-gcn/usr --enable-offload-defaulted --without-cuda-driver --enable-checking=release --build=x86_64-linux-gnu --host=x86_64-linux-gnu --target=x86_64-linux-gnu --with-build-config=bootstrap-lto-lean --enable-link-serialization=3
Thread model: posix
... rest of stderr output deleted ...
configure:5031: $? = 0
configure:5020: musl-gcc -static -V >&5
x86_64-linux-gnu-gcc: error: unrecognized command-line option '-V'
x86_64-linux-gnu-gcc: fatal error: no input files
compilation terminated.
configure:5031: $? = 1
configure:5020: musl-gcc -static -qversion >&5
x86_64-linux-gnu-gcc: error: unrecognized command-line option '-qversion'; did you mean '--version'?
x86_64-linux-gnu-gcc: fatal error: no input files
compilation terminated.
configure:5031: $? = 1
configure:5020: musl-gcc -static -version >&5
x86_64-linux-gnu-gcc: error: unrecognized command-line option '-version'
x86_64-linux-gnu-gcc: fatal error: no input files
compilation terminated.
configure:5031: $? = 1
configure:5049: checking whether the C compiler works
configure:5071: musl-gcc -static   -static -L/run/media/jago_dragon/WebDev/Servers-linux/SharedLibs/zlib-static/lib conftest.c -lz >&5
configure:5075: $? = 0
configure:5125: result: yes
configure:5128: checking for C compiler default output file name
configure:5130: result: a.out
configure:5136: checking for suffix of executables
configure:5143: musl-gcc -static -o conftest   -static -L/run/media/jago_dragon/WebDev/Servers-linux/SharedLibs/zlib-static/lib conftest.c -lz >&5
configure:5147: $? = 0
configure:5170: result: 
configure:5190: checking whether we are cross compiling
configure:5198: musl-gcc -static -o conftest   -static -L/run/media/jago_dragon/WebDev/Servers-linux/SharedLibs/zlib-static/lib conftest.c -lz >&5
configure:5202: $? = 0
configure:5209: ./conftest
configure:5213: $? = 0
configure:5228: result: no
configure:5233: checking for suffix of object files
configure:5254: musl-gcc -static -c   conftest.c >&5
configure:5258: $? = 0
configure:5280: result: o
configure:5284: checking whether the compiler supports GNU C
configure:5302: musl-gcc -static -c   conftest.c >&5
configure:5302: $? = 0
configure:5312: result: yes
configure:5323: checking whether musl-gcc -static accepts -g
configure:5342: musl-gcc -static -c -g  conftest.c >&5
configure:5342: $? = 0
configure:5382: result: yes
configure:5402: checking for musl-gcc -static option to enable C11 features
configure:5417: musl-gcc -static  -c -g -O2  conftest.c >&5
conftest.c: In function 'e':
conftest.c:23:14: warning: old-style function definition [-Wold-style-definition]
   23 | static char *e (p, i)
      |              ^
configure:5417: $? = 0
configure:5435: result: none needed
configure:5551: checking whether musl-gcc -static understands -c and -o together
configure:5572: musl-gcc -static -c conftest.c -o conftest2.o
configure:5575: $? = 0
configure:5572: musl-gcc -static -c conftest.c -o conftest2.o
configure:5575: $? = 0
configure:5587: result: yes
configure:5610: checking how to run the C preprocessor
configure:5636: musl-gcc -static -E  conftest.c
configure:5636: $? = 0
configure:5651: musl-gcc -static -E  conftest.c
conftest.c:9:10: fatal error: ac_nonexistent.h: No such file or directory
    9 | #include <ac_nonexistent.h>
      |          ^~~~~~~~~~~~~~~~~~
compilation terminated.
configure:5651: $? = 1
configure: failed program was:
| /* confdefs.h */
| #define PACKAGE_NAME "curl"
| #define PACKAGE_TARNAME "curl"
| #define PACKAGE_VERSION "-"
| #define PACKAGE_STRING "curl -"
| #define PACKAGE_BUGREPORT "a suitable curl mailing list: https://curl.se/mail/"
| #define PACKAGE_URL ""
| /* end confdefs.h.  */
| #include <ac_nonexistent.h>
configure:5678: result: musl-gcc -static -E
configure:5692: musl-gcc -static -E  conftest.c
configure:5692: $? = 0
configure:5707: musl-gcc -static -E  conftest.c
conftest.c:9:10: fatal error: ac_nonexistent.h: No such file or directory
    9 | #include <ac_nonexistent.h>
      |          ^~~~~~~~~~~~~~~~~~
compilation terminated.
configure:5707: $? = 1
configure: failed program was:
| /* confdefs.h */
| #define PACKAGE_NAME "curl"
| #define PACKAGE_TARNAME "curl"
| #define PACKAGE_VERSION "-"
| #define PACKAGE_STRING "curl -"
| #define PACKAGE_BUGREPORT "a suitable curl mailing list: https://curl.se/mail/"
| #define PACKAGE_URL ""
| /* end confdefs.h.  */
| #include <ac_nonexistent.h>
configure:5776: checking for stdio.h
configure:5776: musl-gcc -static -c   conftest.c >&5
configure:5776: $? = 0
configure:5776: result: yes
configure:5776: checking for stdlib.h
configure:5776: musl-gcc -static -c   conftest.c >&5
configure:5776: $? = 0
configure:5776: result: yes
configure:5776: checking for string.h
configure:5776: musl-gcc -static -c   conftest.c >&5
configure:5776: $? = 0
configure:5776: result: yes
configure:5776: checking for inttypes.h
configure:5776: musl-gcc -static -c   conftest.c >&5
configure:5776: $? = 0
configure:5776: result: yes
configure:5776: checking for stdint.h
configure:5776: musl-gcc -static -c   conftest.c >&5
configure:5776: $? = 0
configure:5776: result: yes
configure:5776: checking for strings.h
configure:5776: musl-gcc -static -c   conftest.c >&5
configure:5776: $? = 0
configure:5776: result: yes
configure:5776: checking for sys/stat.h
configure:5776: musl-gcc -static -c   conftest.c >&5
configure:5776: $? = 0
configure:5776: result: yes
configure:5776: checking for sys/types.h
configure:5776: musl-gcc -static -c   conftest.c >&5
configure:5776: $? = 0
configure:5776: result: yes
configure:5776: checking for unistd.h
configure:5776: musl-gcc -static -c   conftest.c >&5
configure:5776: $? = 0
configure:5776: result: yes
configure:5804: checking for stdatomic.h
configure:5804: musl-gcc -static -c   conftest.c >&5
configure:5804: $? = 0
configure:5804: result: yes
configure:5809: checking if _Atomic is available
configure:5828: musl-gcc -static -o conftest   -static -L/run/media/jago_dragon/WebDev/Servers-linux/SharedLibs/zlib-static/lib conftest.c -lz >&5
configure:5828: $? = 0
configure:5831: result: yes
configure:5855: checking whether build environment is sane
configure:5910: result: yes
configure:6065: checking for a race-free mkdir -p
configure:6109: result: /usr/bin/mkdir -p
configure:6116: checking for gawk
configure:6137: found /usr/bin/gawk
configure:6148: result: gawk
configure:6159: checking whether make sets $(MAKE)
configure:6182: result: yes
configure:6204: checking whether make supports the include directive
configure:6219: make -f confmf.GNU && cat confinc.out
this is the am__doit target
configure:6222: $? = 0
configure:6241: result: yes (GNU style)
configure:6341: checking dependency style of musl-gcc -static
configure:6453: result: gcc3
configure:6533: checking curl version
configure:6535: result: 8.21.0
configure:6716: checking for perl
configure:6740: found /usr/bin/perl
configure:6752: result: /usr/bin/perl
configure:6910: checking for httpd
configure:6948: result: no
configure:6956: checking for apache2
configure:6994: result: no
configure:7002: checking for apxs
configure:7040: result: no
configure:7046: httpd/apache2 not in PATH, http tests disabled
configure:7051: apxs not in PATH, http tests disabled
configure:7095: checking for danted
configure:7133: result: no
configure:7141: checking for danted
configure:7179: result: no
configure:7431: checking for nghttpx
configure:7470: result: no
configure:7483: checking for caddy
configure:7521: result: no
configure:7561: checking build system type
configure:7576: result: x86_64-pc-linux-musl
configure:7596: checking host system type
configure:7610: result: x86_64-pc-linux-musl
configure:7638: checking for grep that handles long lines and -e
configure:7702: result: /usr/bin/grep
configure:7707: checking for egrep
configure:7775: result: /usr/bin/grep -E
configure:7784: checking if OS is AIX (to define _ALL_SOURCE)
configure:7805: result: no
configure:7816: checking if _THREAD_SAFE is already defined
configure:7837: musl-gcc -static -c   conftest.c >&5
conftest.c: In function 'main':
conftest.c:34:10: error: #error force compilation error
   34 |         #error force compilation error
      |          ^~~~~
configure:7837: $? = 1
configure: failed program was:
| /* confdefs.h */
| #define PACKAGE_NAME "curl"
| #define PACKAGE_TARNAME "curl"
| #define PACKAGE_VERSION "-"
| #define PACKAGE_STRING "curl -"
| #define PACKAGE_BUGREPORT "a suitable curl mailing list: https://curl.se/mail/"
| #define PACKAGE_URL ""
| #define HAVE_STDIO_H 1
| #define HAVE_STDLIB_H 1
| #define HAVE_STRING_H 1
| #define HAVE_INTTYPES_H 1
| #define HAVE_STDINT_H 1
| #define HAVE_STRINGS_H 1
| #define HAVE_SYS_STAT_H 1
| #define HAVE_SYS_TYPES_H 1
| #define HAVE_UNISTD_H 1
| #define STDC_HEADERS 1
| #define HAVE_STDATOMIC_H 1
| #define HAVE_ATOMIC 1
| #define PACKAGE "curl"
| #define VERSION "-"
| #define CURL_OS "x86_64-pc-linux-musl"
| /* end confdefs.h.  */
| 
| 
| 
| int main(void)
| {
| 
|       #ifdef _THREAD_SAFE
|         int dummy = 1;
|         (void)dummy;
|       #else
|         #error force compilation error
|       #endif
| 
|   return 0;
| }
| 
configure:7846: result: no
configure:7854: checking if _THREAD_SAFE is actually needed
configure:7873: result: no
configure:7878: checking if _THREAD_SAFE is onwards defined
configure:7895: result: no
configure:7902: checking if _REENTRANT is already defined
configure:7923: musl-gcc -static -c   conftest.c >&5
conftest.c: In function 'main':
conftest.c:34:10: error: #error force compilation error
   34 |         #error force compilation error
      |          ^~~~~
configure:7923: $? = 1
configure: failed program was:
| /* confdefs.h */
| #define PACKAGE_NAME "curl"
| #define PACKAGE_TARNAME "curl"
| #define PACKAGE_VERSION "-"
| #define PACKAGE_STRING "curl -"
| #define PACKAGE_BUGREPORT "a suitable curl mailing list: https://curl.se/mail/"
| #define PACKAGE_URL ""
| #define HAVE_STDIO_H 1
| #define HAVE_STDLIB_H 1
| #define HAVE_STRING_H 1
| #define HAVE_INTTYPES_H 1
| #define HAVE_STDINT_H 1
| #define HAVE_STRINGS_H 1
| #define HAVE_SYS_STAT_H 1
| #define HAVE_SYS_TYPES_H 1
| #define HAVE_UNISTD_H 1
| #define STDC_HEADERS 1
| #define HAVE_STDATOMIC_H 1
| #define HAVE_ATOMIC 1
| #define PACKAGE "curl"
| #define VERSION "-"
| #define CURL_OS "x86_64-pc-linux-musl"
| /* end confdefs.h.  */
| 
| 
| 
| int main(void)
| {
| 
|       #ifdef _REENTRANT
|         int dummy = 1;
|         (void)dummy;
|       #else
|         #error force compilation error
|       #endif
| 
|   return 0;
| }
| 
configure:7932: result: no
configure:7940: checking if _REENTRANT is actually needed
configure:7970: musl-gcc -static -c   conftest.c >&5
configure:7970: $? = 0
configure:8002: musl-gcc -static -c   conftest.c >&5
configure:8002: $? = 0
configure:8074: musl-gcc -static -o conftest   -static -L/run/media/jago_dragon/WebDev/Servers-linux/SharedLibs/zlib-static/lib conftest.c -lz >&5
configure:8074: $? = 0
configure:8155: musl-gcc -static -o conftest   -static -L/run/media/jago_dragon/WebDev/Servers-linux/SharedLibs/zlib-static/lib conftest.c -lz >&5
configure:8155: $? = 0
configure:8236: musl-gcc -static -o conftest   -static -L/run/media/jago_dragon/WebDev/Servers-linux/SharedLibs/zlib-static/lib conftest.c -lz >&5
configure:8236: $? = 0
configure:8317: musl-gcc -static -o conftest   -static -L/run/media/jago_dragon/WebDev/Servers-linux/SharedLibs/zlib-static/lib conftest.c -lz >&5
configure:8317: $? = 0
configure:8398: musl-gcc -static -o conftest   -static -L/run/media/jago_dragon/WebDev/Servers-linux/SharedLibs/zlib-static/lib conftest.c -lz >&5
/usr/bin/x86_64-linux-gnu-ld.bfd: /tmp/ccdc6buv.o: in function `main':
conftest.c:(.text+0x5): undefined reference to `getprotobyname_r'
collect2: error: ld returned 1 exit status
configure:8398: $? = 1
configure: failed program was:
| /* confdefs.h */
| #define PACKAGE_NAME "curl"
| #define PACKAGE_TARNAME "curl"
| #define PACKAGE_VERSION "-"
| #define PACKAGE_STRING "curl -"
| #define PACKAGE_BUGREPORT "a suitable curl mailing list: https://curl.se/mail/"
| #define PACKAGE_URL ""
| #define HAVE_STDIO_H 1
| #define HAVE_STDLIB_H 1
| #define HAVE_STRING_H 1
| #define HAVE_INTTYPES_H 1
| #define HAVE_STDINT_H 1
| #define HAVE_STRINGS_H 1
| #define HAVE_SYS_STAT_H 1
| #define HAVE_SYS_TYPES_H 1
| #define HAVE_UNISTD_H 1
| #define STDC_HEADERS 1
| #define HAVE_STDATOMIC_H 1
| #define HAVE_ATOMIC 1
| #define PACKAGE "curl"
| #define VERSION "-"
| #define CURL_OS "x86_64-pc-linux-musl"
| /* end confdefs.h.  */
| 
| 
| #define getprotobyname_r innocuous_getprotobyname_r
| #ifdef __STDC__
| #  include <limits.h>
| #else
| #  include <assert.h>
| #endif
| #undef getprotobyname_r
| #ifdef __cplusplus
| extern "C"
| #endif
| char getprotobyname_r ();
| #if defined __stub_getprotobyname_r || defined __stub___getprotobyname_r
| #error force compilation error
| #endif
| 
| int main(void)
| {
| return getprotobyname_r ();
|   return 0;
| }
| 
configure:8457: result: no
configure:8462: checking if _REENTRANT is onwards defined
configure:8479: result: no
configure:8492: checking for special C compiler options needed for large files
configure:8538: result: no
configure:8544: checking for _FILE_OFFSET_BITS value needed for large files
configure:8568: musl-gcc -static -c   conftest.c >&5
configure:8568: $? = 0
configure:8600: result: no
configure:8726: checking how to print strings
configure:8753: result: printf
configure:8774: checking for a sed that does not truncate output
configure:8844: result: /usr/bin/sed
configure:8862: checking for fgrep
configure:8930: result: /usr/bin/grep -F
configure:8966: checking for ld used by musl-gcc -static
configure:9034: result: /usr/bin/x86_64-linux-gnu-ld
configure:9041: checking if the linker (/usr/bin/x86_64-linux-gnu-ld) is GNU ld
configure:9057: result: yes
configure:9069: checking for BSD- or MS-compatible name lister (nm)
configure:9124: result: /usr/bin/nm -B
configure:9264: checking the name lister (/usr/bin/nm -B) interface
configure:9272: musl-gcc -static -c   conftest.c >&5
configure:9275: /usr/bin/nm -B "conftest.o"
configure:9278: output
0000000000000000 B some_variable
configure:9285: result: BSD nm
configure:9288: checking whether ln -s works
configure:9295: result: no, using cp -pR
configure:9300: checking the maximum length of command line arguments
configure:9432: result: 1572864
configure:9480: checking how to convert x86_64-pc-linux-musl file names to x86_64-pc-linux-musl format
configure:9521: result: func_convert_file_noop
configure:9528: checking how to convert x86_64-pc-linux-musl file names to toolchain format
configure:9549: result: func_convert_file_noop
configure:9556: checking for /usr/bin/x86_64-linux-gnu-ld option to reload object files
configure:9564: result: -r
configure:9643: checking for file
configure:9664: found /usr/bin/file
configure:9675: result: file
configure:9751: checking for objdump
configure:9772: found /usr/bin/objdump
configure:9783: result: objdump
configure:9812: checking how to recognize dependent libraries
configure:10013: result: pass_all
configure:10103: checking for dlltool
configure:10138: result: no
configure:10165: checking how to associate runtime and link libraries
configure:10193: result: printf %s\n
configure:10343: checking for archiver @FILE support
configure:10359: musl-gcc -static -c   conftest.c >&5
configure:10359: $? = 0
configure:10363: /usr/bin/ar cr libconftest.a @conftest.lst >&5
configure:10366: $? = 0
configure:10371: /usr/bin/ar cr libconftest.a @conftest.lst >&5
/usr/bin/ar: conftest.o: No such file or directory
configure:10374: $? = 1
configure:10386: result: @
configure:10449: checking for strip
configure:10470: found /usr/bin/strip
configure:10481: result: strip
configure:10558: checking for ranlib
configure:10579: found /usr/bin/ranlib
configure:10590: result: ranlib
configure:10692: checking command to parse /usr/bin/nm -B output from musl-gcc -static object
configure:10846: musl-gcc -static -c   conftest.c >&5
configure:10849: $? = 0
configure:10853: /usr/bin/nm -B conftest.o | /usr/bin/sed -n -e 's/^.*[	 ]\([ABCDGIRSTW][ABCDGIRSTW]*\)[	 ][	 ]*\([_A-Za-z][_A-Za-z0-9]*\)$/\1 \2 \2/p' | /usr/bin/sed '/ __gnu_lto/d' > conftest.nm
configure:10919: musl-gcc -static -o conftest   -static -L/run/media/jago_dragon/WebDev/Servers-linux/SharedLibs/zlib-static/lib conftest.c conftstm.o >&5
configure:10922: $? = 0
configure:10960: result: ok
configure:11007: checking for sysroot
configure:11038: result: no
configure:11045: checking for a working dd
configure:11089: result: /usr/bin/dd
configure:11093: checking how to truncate binary pipes
configure:11109: result: /usr/bin/dd bs=4096 count=1
configure:11246: musl-gcc -static -c   conftest.c >&5
configure:11249: $? = 0
configure:11444: checking for mt
configure:11465: found /usr/bin/mt
configure:11476: result: mt
configure:11499: checking if mt is a manifest tool
configure:11506: mt '-?'
configure:11514: result: no
configure:12233: checking for dlfcn.h
configure:12233: musl-gcc -static -c   conftest.c >&5
configure:12233: $? = 0
configure:12233: result: yes
configure:12904: checking for objdir
configure:12920: result: .libs
configure:13184: checking if musl-gcc -static supports -fno-rtti -fno-exceptions
configure:13203: musl-gcc -static -c   -fno-rtti -fno-exceptions conftest.c >&5
cc1: warning: command-line option '-fno-rtti' is valid for C++/D/ObjC++ but not for C
configure:13207: $? = 0
configure:13220: result: no
configure:13584: checking for musl-gcc -static option to produce PIC
configure:13592: result: -fPIC -DPIC
configure:13600: checking if musl-gcc -static PIC flag -fPIC -DPIC works
configure:13619: musl-gcc -static -c   -fPIC -DPIC -DPIC conftest.c >&5
configure:13623: $? = 0
configure:13636: result: yes
configure:13665: checking if musl-gcc -static static flag -static works
configure:13694: result: yes
configure:13709: checking if musl-gcc -static supports -c -o file.o
configure:13731: musl-gcc -static -c   -o out/conftest2.o conftest.c >&5
configure:13735: $? = 0
configure:13757: result: yes
configure:13765: checking if musl-gcc -static supports -c -o file.o
configure:13813: result: yes
configure:13846: checking whether the musl-gcc -static linker (/usr/bin/x86_64-linux-gnu-ld -m elf_x86_64) supports shared libraries
configure:15116: result: yes
configure:15357: checking dynamic linker characteristics
configure:15937: musl-gcc -static -o conftest   -static -L/run/media/jago_dragon/WebDev/Servers-linux/SharedLibs/zlib-static/lib -Wl,-rpath -Wl,/foo conftest.c -lz >&5
configure:15937: $? = 0
configure:16188: result: GNU/Linux ld.so
configure:16310: checking how to hardcode library paths into programs
configure:16335: result: immediate
configure:16882: checking whether stripping libraries is possible
configure:16891: result: yes
configure:16933: checking if libtool supports shared libraries
configure:16935: result: yes
configure:16938: checking whether to build shared libraries
configure:16963: result: no
configure:16966: checking whether to build static libraries
configure:16970: result: yes
configure:17044: checking whether to build shared libraries with -version-info
configure:17055: result: yes
configure:17065: checking whether to build shared libraries with -no-undefined
configure:17078: result: no
configure:17088: checking whether to build shared libraries with -mimpure-text
configure:17098: result: no
configure:17128: checking whether to build shared libraries with PIC
configure:17130: result: yes
configure:17132: checking whether to build static libraries with PIC
configure:17134: result: yes
configure:17144: checking whether to build shared libraries only
configure:17152: result: no
configure:17158: checking whether to build static libraries only
configure:17166: result: yes
configure:17230: checking for windres
configure:17265: result: no
configure:17421: checking if cpp -P is needed
configure:17439: result: yes
configure:17443: checking if cpp -P works
configure:17463: result: yes
configure:17492: checking if compiler is DEC/Compaq/HP C
configure:17518: musl-gcc -static -E  -P conftest.c
configure:17518: $? = 0
configure:17567: musl-gcc -static -E  -P conftest.c
configure:17567: $? = 0
configure:17602: result: no
configure:17607: checking if compiler is HP-UX C
configure:17633: musl-gcc -static -E  -P conftest.c
configure:17633: $? = 0
configure:17667: result: no
configure:17672: checking if compiler is IBM C
configure:17698: musl-gcc -static -E  -P conftest.c
configure:17698: $? = 0
configure:17740: result: no
configure:17746: checking if compiler is Intel C
configure:17772: musl-gcc -static -E  -P conftest.c
configure:17772: $? = 0
configure:17869: result: no
configure:17875: checking if compiler is clang
configure:17901: musl-gcc -static -E  -P conftest.c
configure:17901: $? = 0
configure:18040: result: no
configure:18047: checking if compiler is GNU C
configure:18073: musl-gcc -static -E  -P conftest.c
configure:18073: $? = 0
configure:18100: result: yes
configure:18103: checking compiler version
configure:18114: result: gcc '1600' (raw: '16')
configure:18413: checking if compiler is SunPro C
configure:18439: musl-gcc -static -E  -P conftest.c
configure:18439: $? = 0
configure:18473: result: no
configure:18478: checking if compiler is Tiny C
configure:18504: musl-gcc -static -E  -P conftest.c
configure:18504: $? = 0
configure:18538: result: no
configure:18562: checking for code coverage support
configure:18578: result: no
configure:18747: checking whether build target is a native Windows one
configure:18773: musl-gcc -static -c   conftest.c >&5
conftest.c: In function 'main':
conftest.c:36:12: error: #error Not a native Windows build target.
   36 |           #error Not a native Windows build target.
      |            ^~~~~
configure:18773: $? = 1
configure: failed program was:
| /* confdefs.h */
| #define PACKAGE_NAME "curl"
| #define PACKAGE_TARNAME "curl"
| #define PACKAGE_VERSION "-"
| #define PACKAGE_STRING "curl -"
| #define PACKAGE_BUGREPORT "a suitable curl mailing list: https://curl.se/mail/"
| #define PACKAGE_URL ""
| #define HAVE_STDIO_H 1
| #define HAVE_STDLIB_H 1
| #define HAVE_STRING_H 1
| #define HAVE_INTTYPES_H 1
| #define HAVE_STDINT_H 1
| #define HAVE_STRINGS_H 1
| #define HAVE_SYS_STAT_H 1
| #define HAVE_SYS_TYPES_H 1
| #define HAVE_UNISTD_H 1
| #define STDC_HEADERS 1
| #define HAVE_STDATOMIC_H 1
| #define HAVE_ATOMIC 1
| #define PACKAGE "curl"
| #define VERSION "-"
| #define CURL_OS "x86_64-pc-linux-musl"
| #define HAVE_DLFCN_H 1
| #define LT_OBJDIR ".libs/"
| /* end confdefs.h.  */
| 
| 
| 
| int main(void)
| {
| 
|         #ifdef _WIN32
|           int dummy = 1;
|           (void)dummy;
|         #else
|           #error Not a native Windows build target.
|         #endif
| 
|   return 0;
| }
| 
configure:18786: result: no
configure:18939: checking if compiler accepts some basic options
configure:18962: musl-gcc -static -c -Werror-implicit-function-declaration  conftest.c >&5
configure:18962: $? = 0
configure:18992: musl-gcc -static -o conftest -Werror-implicit-function-declaration  -static -L/run/media/jago_dragon/WebDev/Servers-linux/SharedLibs/zlib-static/lib conftest.c -lz >&5
configure:18992: $? = 0
configure:19083: sh ./run-compiler -o conftest -Werror-implicit-function-declaration  -static -L/run/media/jago_dragon/WebDev/Servers-linux/SharedLibs/zlib-static/lib conftest.c -lz >&5
configure:19083: $? = 0
configure:19083: ./conftest
configure:19083: $? = 0
configure:19106: result: yes
configure:19108: compiler options added: -Werror-implicit-function-declaration 
configure:19174: checking if compiler optimizer assumed setting might be used
configure:19212: result: yes
configure:19260: checking if compiler accepts optimizer enabling options
configure:19295: musl-gcc -static -c -Werror-implicit-function-declaration -O2  conftest.c >&5
configure:19295: $? = 0
configure:19325: musl-gcc -static -o conftest -Werror-implicit-function-declaration -O2  -static -L/run/media/jago_dragon/WebDev/Servers-linux/SharedLibs/zlib-static/lib conftest.c -lz >&5
configure:19325: $? = 0
configure:19416: sh ./run-compiler -o conftest -Werror-implicit-function-declaration -O2  -static -L/run/media/jago_dragon/WebDev/Servers-linux/SharedLibs/zlib-static/lib conftest.c -lz >&5
configure:19416: $? = 0
configure:19416: ./conftest
configure:19416: $? = 0
configure:19439: result: yes
configure:19441: compiler options added: -O2
configure:22054: checking if compiler accepts strict warning options
configure:22077: musl-gcc -static -c -Werror-implicit-function-declaration -O2 -Wno-system-headers  conftest.c >&5
configure:22077: $? = 0
configure:22107: musl-gcc -static -o conftest -Werror-implicit-function-declaration -O2 -Wno-system-headers  -static -L/run/media/jago_dragon/WebDev/Servers-linux/SharedLibs/zlib-static/lib conftest.c -lz >&5
configure:22107: $? = 0
configure:22198: sh ./run-compiler -o conftest -Werror-implicit-function-declaration -O2 -Wno-system-headers  -static -L/run/media/jago_dragon/WebDev/Servers-linux/SharedLibs/zlib-static/lib conftest.c -lz >&5
configure:22198: $? = 0
configure:22198: ./conftest
configure:22198: $? = 0
configure:22221: result: yes
configure:22223: compiler options added: -Wno-system-headers 
configure:22279: checking if compiler halts on compilation errors
configure:22295: musl-gcc -static -c -Werror-implicit-function-declaration -O2 -Wno-system-headers  conftest.c >&5
conftest.c: In function 'main':
conftest.c:32:8: error: #error force compilation error
   32 |       #error force compilation error
      |        ^~~~~
configure:22295: $? = 1
configure: failed program was:
| /* confdefs.h */
| #define PACKAGE_NAME "curl"
| #define PACKAGE_TARNAME "curl"
| #define PACKAGE_VERSION "-"
| #define PACKAGE_STRING "curl -"
| #define PACKAGE_BUGREPORT "a suitable curl mailing list: https://curl.se/mail/"
| #define PACKAGE_URL ""
| #define HAVE_STDIO_H 1
| #define HAVE_STDLIB_H 1
| #define HAVE_STRING_H 1
| #define HAVE_INTTYPES_H 1
| #define HAVE_STDINT_H 1
| #define HAVE_STRINGS_H 1
| #define HAVE_SYS_STAT_H 1
| #define HAVE_SYS_TYPES_H 1
| #define HAVE_UNISTD_H 1
| #define STDC_HEADERS 1
| #define HAVE_STDATOMIC_H 1
| #define HAVE_ATOMIC 1
| #define PACKAGE "curl"
| #define VERSION "-"
| #define CURL_OS "x86_64-pc-linux-musl"
| #define HAVE_DLFCN_H 1
| #define LT_OBJDIR ".libs/"
| /* end confdefs.h.  */
| 
| 
| 
| int main(void)
| {
| 
|       #error force compilation error
| 
|   return 0;
| }
| 
configure:22304: result: yes
configure:22312: checking if compiler halts on negative sized arrays
configure:22330: musl-gcc -static -c -Werror-implicit-function-declaration -O2 -Wno-system-headers  conftest.c >&5
conftest.c:28:20: error: size of array 'bad_t' is negative
   28 |       typedef char bad_t[sizeof(char) == sizeof(int) ? -1 : -1];
      |                    ^~~~~
configure:22330: $? = 1
configure: failed program was:
| /* confdefs.h */
| #define PACKAGE_NAME "curl"
| #define PACKAGE_TARNAME "curl"
| #define PACKAGE_VERSION "-"
| #define PACKAGE_STRING "curl -"
| #define PACKAGE_BUGREPORT "a suitable curl mailing list: https://curl.se/mail/"
| #define PACKAGE_URL ""
| #define HAVE_STDIO_H 1
| #define HAVE_STDLIB_H 1
| #define HAVE_STRING_H 1
| #define HAVE_INTTYPES_H 1
| #define HAVE_STDINT_H 1
| #define HAVE_STRINGS_H 1
| #define HAVE_SYS_STAT_H 1
| #define HAVE_SYS_TYPES_H 1
| #define HAVE_UNISTD_H 1
| #define STDC_HEADERS 1
| #define HAVE_STDATOMIC_H 1
| #define HAVE_ATOMIC 1
| #define PACKAGE "curl"
| #define VERSION "-"
| #define CURL_OS "x86_64-pc-linux-musl"
| #define HAVE_DLFCN_H 1
| #define LT_OBJDIR ".libs/"
| /* end confdefs.h.  */
| 
| 
|       typedef char bad_t[sizeof(char) == sizeof(int) ? -1 : -1];
| 
| int main(void)
| {
| 
|       bad_t dummy;
|       (void)dummy;
| 
|   return 0;
| }
| 
configure:22339: result: yes
configure:22347: checking if compiler halts on function prototype mismatch
configure:22375: musl-gcc -static -c -Werror-implicit-function-declaration -O2 -Wno-system-headers  conftest.c >&5
conftest.c:29:11: error: conflicting types for 'rand'; have 'int(int)'
   29 |       int rand(int n);
      |           ^~~~
In file included from conftest.c:28:
/usr/include/x86_64-linux-musl/stdlib.h:37:5: note: previous declaration of 'rand' with type 'int(void)'
   37 | int rand (void);
      |     ^~~~
conftest.c:30:11: error: conflicting types for 'rand'; have 'int(int)'
   30 |       int rand(int n)
      |           ^~~~
/usr/include/x86_64-linux-musl/stdlib.h:37:5: note: previous declaration of 'rand' with type 'int(void)'
   37 | int rand (void);
      |     ^~~~
configure:22375: $? = 1
configure: failed program was:
| /* confdefs.h */
| #define PACKAGE_NAME "curl"
| #define PACKAGE_TARNAME "curl"
| #define PACKAGE_VERSION "-"
| #define PACKAGE_STRING "curl -"
| #define PACKAGE_BUGREPORT "a suitable curl mailing list: https://curl.se/mail/"
| #define PACKAGE_URL ""
| #define HAVE_STDIO_H 1
| #define HAVE_STDLIB_H 1
| #define HAVE_STRING_H 1
| #define HAVE_INTTYPES_H 1
| #define HAVE_STDINT_H 1
| #define HAVE_STRINGS_H 1
| #define HAVE_SYS_STAT_H 1
| #define HAVE_SYS_TYPES_H 1
| #define HAVE_UNISTD_H 1
| #define STDC_HEADERS 1
| #define HAVE_STDATOMIC_H 1
| #define HAVE_ATOMIC 1
| #define PACKAGE "curl"
| #define VERSION "-"
| #define CURL_OS "x86_64-pc-linux-musl"
| #define HAVE_DLFCN_H 1
| #define LT_OBJDIR ".libs/"
| /* end confdefs.h.  */
| 
| 
|       #include <stdlib.h>
|       int rand(int n);
|       int rand(int n)
|       {
|         if(n)
|           return ++n;
|         else
|           return n;
|       }
| 
| int main(void)
| {
| 
|       int i[2] ={ 0, 0 };
|       int j = rand(i[0]);
|       if(j)
|         return j;
| 
|   return 0;
| }
| 
configure:22384: result: yes
configure:22393: checking if compiler supports hiding library internal symbols
configure:22486: musl-gcc -static -c -Werror-implicit-function-declaration -O2 -Wno-system-headers -fvisibility=hidden  conftest.c >&5
configure:22486: $? = 0
configure:22510: result: yes
configure:22567: checking whether build target supports Win32 crypto API
configure:22613: result: no
configure:22706: checking whether to build libcurl and curl in "unity" mode
configure:22723: result: no
configure:22742: checking whether to support http
configure:22784: result: yes
configure:22789: checking whether to support ftp
configure:22809: result: yes
configure:22814: checking whether to support file
configure:22834: result: yes
configure:22839: checking whether to support IPFS
configure:22865: result: yes
configure:22875: checking whether to support ldap
configure:22901: result: yes
configure:22906: checking whether to support ldaps
configure:22948: result: yes
configure:22959: checking whether to support rtsp
configure:22985: result: yes
configure:22996: checking whether to support proxies
configure:23017: result: yes
configure:23023: checking whether to support dict
configure:23043: result: yes
configure:23049: checking whether to support telnet
configure:23069: result: yes
configure:23082: checking whether to support tftp
configure:23102: result: yes
configure:23108: checking whether to support pop3
configure:23128: result: yes
configure:23134: checking whether to support imap
configure:23154: result: yes
configure:23160: checking whether to support smb
configure:23180: result: no
configure:23186: checking whether to support smtp
configure:23206: result: yes
configure:23212: checking whether to support gopher
configure:23232: result: yes
configure:23238: checking whether to support mqtt
configure:23258: result: no
configure:23264: checking enable curl_global_init_mem debug build
configure:23284: result: no
configure:23291: checking whether to provide built-in manual
configure:23308: result: yes
configure:23316: checking whether to build documentation
configure:23336: result: yes
configure:23348: checking whether to enable generation of C code
configure:23368: result: yes
configure:23375: checking whether to use libgcc
configure:23392: result: no
configure:23398: checking whether to use libbacktrace
configure:23419: result: no
configure:23426: checking if X/Open network library is required
configure:23445: musl-gcc -static -c -Werror-implicit-function-declaration -O2 -Wno-system-headers  -D_GNU_SOURCE conftest.c >&5
conftest.c: In function 'main':
conftest.c:34:10: error: #error force compilation error
   34 |         #error force compilation error
      |          ^~~~~
configure:23445: $? = 1
configure: failed program was:
| /* confdefs.h */
| #define PACKAGE_NAME "curl"
| #define PACKAGE_TARNAME "curl"
| #define PACKAGE_VERSION "-"
| #define PACKAGE_STRING "curl -"
| #define PACKAGE_BUGREPORT "a suitable curl mailing list: https://curl.se/mail/"
| #define PACKAGE_URL ""
| #define HAVE_STDIO_H 1
| #define HAVE_STDLIB_H 1
| #define HAVE_STRING_H 1
| #define HAVE_INTTYPES_H 1
| #define HAVE_STDINT_H 1
| #define HAVE_STRINGS_H 1
| #define HAVE_SYS_STAT_H 1
| #define HAVE_SYS_TYPES_H 1
| #define HAVE_UNISTD_H 1
| #define STDC_HEADERS 1
| #define HAVE_STDATOMIC_H 1
| #define HAVE_ATOMIC 1
| #define PACKAGE "curl"
| #define VERSION "-"
| #define CURL_OS "x86_64-pc-linux-musl"
| #define HAVE_DLFCN_H 1
| #define LT_OBJDIR ".libs/"
| #define HAVE_LDAP_SSL 1
| /* end confdefs.h.  */
| 
| 
|       int main(void)
|       {
|       #if defined(__hpux) && defined(_XOPEN_SOURCE) && (_XOPEN_SOURCE >= 600)
|       #elif defined(__hpux) && defined(_XOPEN_SOURCE_EXTENDED)
|       #else
|         #error force compilation error
|       #endif
|         return 0;
|       }
| 
| 
configure:23453: result: no
configure:23457: checking for gethostbyname
configure:23457: musl-gcc -static -o conftest -Werror-implicit-function-declaration -O2 -Wno-system-headers  -D_GNU_SOURCE -static -L/run/media/jago_dragon/WebDev/Servers-linux/SharedLibs/zlib-static/lib conftest.c -lz >&5
configure:23457: $? = 0
configure:23457: result: yes
configure:23879: checking whether build target is a native Windows one
configure:23918: result: no
configure:23948: checking for proto/bsdsocket.h
configure:23948: musl-gcc -static -c -Werror-implicit-function-declaration -O2 -Wno-system-headers  -D_GNU_SOURCE conftest.c >&5
conftest.c:44:10: fatal error: proto/bsdsocket.h: No such file or directory
   44 | #include <proto/bsdsocket.h>
      |          ^~~~~~~~~~~~~~~~~~~
compilation terminated.
configure:23948: $? = 1
configure: failed program was:
| /* confdefs.h */
| #define PACKAGE_NAME "curl"
| #define PACKAGE_TARNAME "curl"
| #define PACKAGE_VERSION "-"
| #define PACKAGE_STRING "curl -"
| #define PACKAGE_BUGREPORT "a suitable curl mailing list: https://curl.se/mail/"
| #define PACKAGE_URL ""
| #define HAVE_STDIO_H 1
| #define HAVE_STDLIB_H 1
| #define HAVE_STRING_H 1
| #define HAVE_INTTYPES_H 1
| #define HAVE_STDINT_H 1
| #define HAVE_STRINGS_H 1
| #define HAVE_SYS_STAT_H 1
| #define HAVE_SYS_TYPES_H 1
| #define HAVE_UNISTD_H 1
| #define STDC_HEADERS 1
| #define HAVE_STDATOMIC_H 1
| #define HAVE_ATOMIC 1
| #define PACKAGE "curl"
| #define VERSION "-"
| #define CURL_OS "x86_64-pc-linux-musl"
| #define HAVE_DLFCN_H 1
| #define LT_OBJDIR ".libs/"
| #define HAVE_LDAP_SSL 1
| /* end confdefs.h.  */
| /* includes start */
| #ifdef HAVE_PROTO_BSDSOCKET_H
| #  define __NO_NET_API
| #  define __USE_INLINE__
| #  include <proto/bsdsocket.h>
| #  ifdef HAVE_SYS_IOCTL_H
| #    include <sys/ioctl.h>
| #  endif
| #  ifdef __amigaos4__
| struct SocketIFace *ISocket = NULL;
| #  else
| struct Library *SocketBase = NULL;
| #  endif
| #  define select(a, b, c, d, e)  WaitSelect(a, b, c, d, e, 0)
| #endif
| /* includes end */
| 
| #include <proto/bsdsocket.h>
configure:23948: result: no
configure:23960: checking for connect in libraries
configure:23987: musl-gcc -static -o conftest -Werror-implicit-function-declaration -O2 -Wno-system-headers  -D_GNU_SOURCE -static -L/run/media/jago_dragon/WebDev/Servers-linux/SharedLibs/zlib-static/lib conftest.c  -lz >&5
configure:23987: $? = 0
configure:24006: result: yes
configure:24018: checking for sys/types.h
configure:24018: result: yes
configure:24025: checking for monotonic clock_gettime
configure:24051: musl-gcc -static -c -Werror-implicit-function-declaration -O2 -Wno-system-headers  -D_GNU_SOURCE conftest.c >&5
configure:24051: $? = 0
configure:24054: result: yes
configure:24073: checking for clock_gettime in libraries
configure:24109: musl-gcc -static -o conftest -Werror-implicit-function-declaration -O2 -Wno-system-headers  -D_GNU_SOURCE -static -L/run/media/jago_dragon/WebDev/Servers-linux/SharedLibs/zlib-static/lib conftest.c -lz >&5
configure:24109: $? = 0
configure:24131: result: no additional lib required
configure:24155: checking if monotonic clock_gettime works
configure:24249: sh ./run-compiler -o conftest -Werror-implicit-function-declaration -O2 -Wno-system-headers  -D_GNU_SOURCE -static -L/run/media/jago_dragon/WebDev/Servers-linux/SharedLibs/zlib-static/lib conftest.c -lz >&5
configure:24249: $? = 0
configure:24249: ./conftest
configure:24249: $? = 0
configure:24251: result: yes
configure:24285: checking for sys/types.h
configure:24285: result: yes
configure:24292: checking for raw monotonic clock_gettime
configure:24318: musl-gcc -static -c -Werror-implicit-function-declaration -O2 -Wno-system-headers  -D_GNU_SOURCE conftest.c >&5
configure:24318: $? = 0
configure:24321: result: yes
configure:24670: checking for zlib.h
configure:24670: musl-gcc -static -c -Werror-implicit-function-declaration -O2 -Wno-system-headers  -D_GNU_SOURCE -I/run/media/jago_dragon/WebDev/Servers-linux/SharedLibs/zlib-static/include conftest.c >&5
configure:24670: $? = 0
configure:24670: result: yes
configure:24676: checking for gzread in -lz
configure:24698: musl-gcc -static -o conftest -Werror-implicit-function-declaration -O2 -Wno-system-headers  -D_GNU_SOURCE -I/run/media/jago_dragon/WebDev/Servers-linux/SharedLibs/zlib-static/include -static -L/run/media/jago_dragon/WebDev/Servers-linux/SharedLibs/zlib-static/lib -L/run/media/jago_dragon/WebDev/Servers-linux/SharedLibs/zlib-static/lib conftest.c -lz  -lz >&5
configure:24698: $? = 0
configure:24708: result: yes
configure:24758: found both libz and libz.h header
configure:25304: checking for BrotliDecoderDecompress in -lbrotlidec
configure:25326: musl-gcc -static -o conftest -Werror-implicit-function-declaration -O2 -Wno-system-headers  -D_GNU_SOURCE -I/run/media/jago_dragon/WebDev/Servers-linux/SharedLibs/zlib-static/include  -static -L/run/media/jago_dragon/WebDev/Servers-linux/SharedLibs/zlib-static/lib -L/run/media/jago_dragon/WebDev/Servers-linux/SharedLibs/zlib-static/lib  conftest.c -lbrotlidec   -lz -lz >&5
/usr/bin/x86_64-linux-gnu-ld.bfd: cannot find -lbrotlidec: No such file or directory
/usr/bin/x86_64-linux-gnu-ld.bfd: have you installed the static version of the brotlidec library ?
collect2: error: ld returned 1 exit status
configure:25326: $? = 1
configure: failed program was:
| /* confdefs.h */
| #define PACKAGE_NAME "curl"
| #define PACKAGE_TARNAME "curl"
| #define PACKAGE_VERSION "-"
| #define PACKAGE_STRING "curl -"
| #define PACKAGE_BUGREPORT "a suitable curl mailing list: https://curl.se/mail/"
| #define PACKAGE_URL ""
| #define HAVE_STDIO_H 1
| #define HAVE_STDLIB_H 1
| #define HAVE_STRING_H 1
| #define HAVE_INTTYPES_H 1
| #define HAVE_STDINT_H 1
| #define HAVE_STRINGS_H 1
| #define HAVE_SYS_STAT_H 1
| #define HAVE_SYS_TYPES_H 1
| #define HAVE_UNISTD_H 1
| #define STDC_HEADERS 1
| #define HAVE_STDATOMIC_H 1
| #define HAVE_ATOMIC 1
| #define PACKAGE "curl"
| #define VERSION "-"
| #define CURL_OS "x86_64-pc-linux-musl"
| #define HAVE_DLFCN_H 1
| #define LT_OBJDIR ".libs/"
| #define HAVE_LDAP_SSL 1
| #define HAVE_SYS_TYPES_H 1
| #define HAVE_CLOCK_GETTIME_MONOTONIC 1
| #define HAVE_SYS_TYPES_H 1
| #define HAVE_CLOCK_GETTIME_MONOTONIC_RAW 1
| #define HAVE_LIBZ 1
| /* end confdefs.h.  */
| 
| 
| #ifdef __cplusplus
| extern "C"
| #endif
| char BrotliDecoderDecompress ();
| int main(void)
| {
| return BrotliDecoderDecompress ();
|   return 0;
| }
configure:25336: result: no
configure:25349: checking for brotli/decode.h
configure:25349: musl-gcc -static -c -Werror-implicit-function-declaration -O2 -Wno-system-headers  -D_GNU_SOURCE -I/run/media/jago_dragon/WebDev/Servers-linux/SharedLibs/zlib-static/include  conftest.c >&5
conftest.c:60:10: fatal error: brotli/decode.h: No such file or directory
   60 | #include <brotli/decode.h>
      |          ^~~~~~~~~~~~~~~~~
compilation terminated.
configure:25349: $? = 1
configure: failed program was:
| /* confdefs.h */
| #define PACKAGE_NAME "curl"
| #define PACKAGE_TARNAME "curl"
| #define PACKAGE_VERSION "-"
| #define PACKAGE_STRING "curl -"
| #define PACKAGE_BUGREPORT "a suitable curl mailing list: https://curl.se/mail/"
| #define PACKAGE_URL ""
| #define HAVE_STDIO_H 1
| #define HAVE_STDLIB_H 1
| #define HAVE_STRING_H 1
| #define HAVE_INTTYPES_H 1
| #define HAVE_STDINT_H 1
| #define HAVE_STRINGS_H 1
| #define HAVE_SYS_STAT_H 1
| #define HAVE_SYS_TYPES_H 1
| #define HAVE_UNISTD_H 1
| #define STDC_HEADERS 1
| #define HAVE_STDATOMIC_H 1
| #define HAVE_ATOMIC 1
| #define PACKAGE "curl"
| #define VERSION "-"
| #define CURL_OS "x86_64-pc-linux-musl"
| #define HAVE_DLFCN_H 1
| #define LT_OBJDIR ".libs/"
| #define HAVE_LDAP_SSL 1
| #define HAVE_SYS_TYPES_H 1
| #define HAVE_CLOCK_GETTIME_MONOTONIC 1
| #define HAVE_SYS_TYPES_H 1
| #define HAVE_CLOCK_GETTIME_MONOTONIC_RAW 1
| #define HAVE_LIBZ 1
| /* end confdefs.h.  */
| #include <stddef.h>
| #ifdef HAVE_STDIO_H
| # include <stdio.h>
| #endif
| #ifdef HAVE_STDLIB_H
| # include <stdlib.h>
| #endif
| #ifdef HAVE_STRING_H
| # include <string.h>
| #endif
| #ifdef HAVE_INTTYPES_H
| # include <inttypes.h>
| #endif
| #ifdef HAVE_STDINT_H
| # include <stdint.h>
| #endif
| #ifdef HAVE_STRINGS_H
| # include <strings.h>
| #endif
| #ifdef HAVE_SYS_TYPES_H
| # include <sys/types.h>
| #endif
| #ifdef HAVE_SYS_STAT_H
| # include <sys/stat.h>
| #endif
| #ifdef HAVE_UNISTD_H
| # include <unistd.h>
| #endif
| #include <brotli/decode.h>
configure:25349: result: no
configure:25670: checking for ZSTD_createDStream in -lzstd
configure:25692: musl-gcc -static -o conftest -Werror-implicit-function-declaration -O2 -Wno-system-headers  -D_GNU_SOURCE -I/run/media/jago_dragon/WebDev/Servers-linux/SharedLibs/zlib-static/include  -static -L/run/media/jago_dragon/WebDev/Servers-linux/SharedLibs/zlib-static/lib -L/run/media/jago_dragon/WebDev/Servers-linux/SharedLibs/zlib-static/lib  conftest.c -lzstd   -lz -lz >&5
/usr/bin/x86_64-linux-gnu-ld.bfd: cannot find -lzstd: No such file or directory
/usr/bin/x86_64-linux-gnu-ld.bfd: have you installed the static version of the zstd library ?
collect2: error: ld returned 1 exit status
configure:25692: $? = 1
configure: failed program was:
| /* confdefs.h */
| #define PACKAGE_NAME "curl"
| #define PACKAGE_TARNAME "curl"
| #define PACKAGE_VERSION "-"
| #define PACKAGE_STRING "curl -"
| #define PACKAGE_BUGREPORT "a suitable curl mailing list: https://curl.se/mail/"
| #define PACKAGE_URL ""
| #define HAVE_STDIO_H 1
| #define HAVE_STDLIB_H 1
| #define HAVE_STRING_H 1
| #define HAVE_INTTYPES_H 1
| #define HAVE_STDINT_H 1
| #define HAVE_STRINGS_H 1
| #define HAVE_SYS_STAT_H 1
| #define HAVE_SYS_TYPES_H 1
| #define HAVE_UNISTD_H 1
| #define STDC_HEADERS 1
| #define HAVE_STDATOMIC_H 1
| #define HAVE_ATOMIC 1
| #define PACKAGE "curl"
| #define VERSION "-"
| #define CURL_OS "x86_64-pc-linux-musl"
| #define HAVE_DLFCN_H 1
| #define LT_OBJDIR ".libs/"
| #define HAVE_LDAP_SSL 1
| #define HAVE_SYS_TYPES_H 1
| #define HAVE_CLOCK_GETTIME_MONOTONIC 1
| #define HAVE_SYS_TYPES_H 1
| #define HAVE_CLOCK_GETTIME_MONOTONIC_RAW 1
| #define HAVE_LIBZ 1
| /* end confdefs.h.  */
| 
| 
| #ifdef __cplusplus
| extern "C"
| #endif
| char ZSTD_createDStream ();
| int main(void)
| {
| return ZSTD_createDStream ();
|   return 0;
| }
configure:25702: result: no
configure:25715: checking for zstd.h
configure:25715: musl-gcc -static -c -Werror-implicit-function-declaration -O2 -Wno-system-headers  -D_GNU_SOURCE -I/run/media/jago_dragon/WebDev/Servers-linux/SharedLibs/zlib-static/include  conftest.c >&5
conftest.c:60:10: fatal error: zstd.h: No such file or directory
   60 | #include <zstd.h>
      |          ^~~~~~~~
compilation terminated.
configure:25715: $? = 1
configure: failed program was:
| /* confdefs.h */
| #define PACKAGE_NAME "curl"
| #define PACKAGE_TARNAME "curl"
| #define PACKAGE_VERSION "-"
| #define PACKAGE_STRING "curl -"
| #define PACKAGE_BUGREPORT "a suitable curl mailing list: https://curl.se/mail/"
| #define PACKAGE_URL ""
| #define HAVE_STDIO_H 1
| #define HAVE_STDLIB_H 1
| #define HAVE_STRING_H 1
| #define HAVE_INTTYPES_H 1
| #define HAVE_STDINT_H 1
| #define HAVE_STRINGS_H 1
| #define HAVE_SYS_STAT_H 1
| #define HAVE_SYS_TYPES_H 1
| #define HAVE_UNISTD_H 1
| #define STDC_HEADERS 1
| #define HAVE_STDATOMIC_H 1
| #define HAVE_ATOMIC 1
| #define PACKAGE "curl"
| #define VERSION "-"
| #define CURL_OS "x86_64-pc-linux-musl"
| #define HAVE_DLFCN_H 1
| #define LT_OBJDIR ".libs/"
| #define HAVE_LDAP_SSL 1
| #define HAVE_SYS_TYPES_H 1
| #define HAVE_CLOCK_GETTIME_MONOTONIC 1
| #define HAVE_SYS_TYPES_H 1
| #define HAVE_CLOCK_GETTIME_MONOTONIC_RAW 1
| #define HAVE_LIBZ 1
| /* end confdefs.h.  */
| #include <stddef.h>
| #ifdef HAVE_STDIO_H
| # include <stdio.h>
| #endif
| #ifdef HAVE_STDLIB_H
| # include <stdlib.h>
| #endif
| #ifdef HAVE_STRING_H
| # include <string.h>
| #endif
| #ifdef HAVE_INTTYPES_H
| # include <inttypes.h>
| #endif
| #ifdef HAVE_STDINT_H
| # include <stdint.h>
| #endif
| #ifdef HAVE_STRINGS_H
| # include <strings.h>
| #endif
| #ifdef HAVE_SYS_TYPES_H
| # include <sys/types.h>
| #endif
| #ifdef HAVE_SYS_STAT_H
| # include <sys/stat.h>
| #endif
| #ifdef HAVE_UNISTD_H
| # include <unistd.h>
| #endif
| #include <zstd.h>
configure:25715: result: no
configure:25754: checking whether to enable IPv6
configure:25797: musl-gcc -static -c -Werror-implicit-function-declaration -O2 -Wno-system-headers  -D_GNU_SOURCE -I/run/media/jago_dragon/WebDev/Servers-linux/SharedLibs/zlib-static/include conftest.c >&5
configure:25797: $? = 0
configure:25799: result: yes
configure:25820: checking if struct sockaddr_in6 has sin6_scope_id member
configure:25848: musl-gcc -static -c -Werror-implicit-function-declaration -O2 -Wno-system-headers  -D_GNU_SOURCE -I/run/media/jago_dragon/WebDev/Servers-linux/SharedLibs/zlib-static/include conftest.c >&5
configure:25848: $? = 0
configure:25851: result: yes
configure:25867: checking if argv can be written to
configure:25937: sh ./run-compiler -o conftest -Werror-implicit-function-declaration -O2 -Wno-system-headers  -D_GNU_SOURCE -I/run/media/jago_dragon/WebDev/Servers-linux/SharedLibs/zlib-static/include -static -L/run/media/jago_dragon/WebDev/Servers-linux/SharedLibs/zlib-static/lib -L/run/media/jago_dragon/WebDev/Servers-linux/SharedLibs/zlib-static/lib conftest.c -lz -lz >&5
configure:25937: $? = 0
configure:25937: ./conftest
configure:25937: $? = 0
configure:25962: result: yes
configure:26024: checking if GSS-API support is requested
configure:26553: result: no
configure:27199: checking whether to enable Windows native SSL/TLS
configure:27226: result: no
configure:27231: checking whether to enable Amiga native SSL/TLS (AmiSSL v5)
configure:27321: result: no
configure:27391: PKG_CONFIG_LIBDIR is set to "/run/media/jago_dragon/WebDev/Servers-linux/SharedLibs/openssl-static/lib64/pkgconfig"
configure:27469: checking for pkg-config
configure:27508: result: no
configure:27707: checking for HMAC_Update in -lcrypto
configure:27729: musl-gcc -static -o conftest -Werror-implicit-function-declaration -O2 -Wno-system-headers  -D_GNU_SOURCE -I/run/media/jago_dragon/WebDev/Servers-linux/SharedLibs/zlib-static/include -I/run/media/jago_dragon/WebDev/Servers-linux/SharedLibs/openssl-static/include -static -L/run/media/jago_dragon/WebDev/Servers-linux/SharedLibs/zlib-static/lib -L/run/media/jago_dragon/WebDev/Servers-linux/SharedLibs/zlib-static/lib -L/run/media/jago_dragon/WebDev/Servers-linux/SharedLibs/openssl-static/lib conftest.c -lcrypto  -lz -lz >&5
/usr/bin/x86_64-linux-gnu-ld.bfd: cannot find -lcrypto: No such file or directory
/usr/bin/x86_64-linux-gnu-ld.bfd: have you installed the static version of the crypto library ?
collect2: error: ld returned 1 exit status
configure:27729: $? = 1
configure: failed program was:
| /* confdefs.h */
| #define PACKAGE_NAME "curl"
| #define PACKAGE_TARNAME "curl"
| #define PACKAGE_VERSION "-"
| #define PACKAGE_STRING "curl -"
| #define PACKAGE_BUGREPORT "a suitable curl mailing list: https://curl.se/mail/"
| #define PACKAGE_URL ""
| #define HAVE_STDIO_H 1
| #define HAVE_STDLIB_H 1
| #define HAVE_STRING_H 1
| #define HAVE_INTTYPES_H 1
| #define HAVE_STDINT_H 1
| #define HAVE_STRINGS_H 1
| #define HAVE_SYS_STAT_H 1
| #define HAVE_SYS_TYPES_H 1
| #define HAVE_UNISTD_H 1
| #define STDC_HEADERS 1
| #define HAVE_STDATOMIC_H 1
| #define HAVE_ATOMIC 1
| #define PACKAGE "curl"
| #define VERSION "-"
| #define CURL_OS "x86_64-pc-linux-musl"
| #define HAVE_DLFCN_H 1
| #define LT_OBJDIR ".libs/"
| #define HAVE_LDAP_SSL 1
| #define HAVE_SYS_TYPES_H 1
| #define HAVE_CLOCK_GETTIME_MONOTONIC 1
| #define HAVE_SYS_TYPES_H 1
| #define HAVE_CLOCK_GETTIME_MONOTONIC_RAW 1
| #define HAVE_LIBZ 1
| #define USE_IPV6 1
| #define HAVE_SOCKADDR_IN6_SIN6_SCOPE_ID 1
| #define HAVE_WRITABLE_ARGV 1
| /* end confdefs.h.  */
| 
| 
| #ifdef __cplusplus
| extern "C"
| #endif
| char HMAC_Update ();
| int main(void)
| {
| return HMAC_Update ();
|   return 0;
| }
configure:27739: result: no
configure:27756: checking for HMAC_Init_ex in -lcrypto
configure:27778: musl-gcc -static -o conftest -Werror-implicit-function-declaration -O2 -Wno-system-headers  -D_GNU_SOURCE -I/run/media/jago_dragon/WebDev/Servers-linux/SharedLibs/zlib-static/include -I/run/media/jago_dragon/WebDev/Servers-linux/SharedLibs/openssl-static/include -static -L/run/media/jago_dragon/WebDev/Servers-linux/SharedLibs/zlib-static/lib -L/run/media/jago_dragon/WebDev/Servers-linux/SharedLibs/zlib-static/lib -L/run/media/jago_dragon/WebDev/Servers-linux/SharedLibs/openssl-static/lib conftest.c -lcrypto  -lz -lz >&5
/usr/bin/x86_64-linux-gnu-ld.bfd: cannot find -lcrypto: No such file or directory
/usr/bin/x86_64-linux-gnu-ld.bfd: have you installed the static version of the crypto library ?
collect2: error: ld returned 1 exit status
configure:27778: $? = 1
configure: failed program was:
| /* confdefs.h */
| #define PACKAGE_NAME "curl"
| #define PACKAGE_TARNAME "curl"
| #define PACKAGE_VERSION "-"
| #define PACKAGE_STRING "curl -"
| #define PACKAGE_BUGREPORT "a suitable curl mailing list: https://curl.se/mail/"
| #define PACKAGE_URL ""
| #define HAVE_STDIO_H 1
| #define HAVE_STDLIB_H 1
| #define HAVE_STRING_H 1
| #define HAVE_INTTYPES_H 1
| #define HAVE_STDINT_H 1
| #define HAVE_STRINGS_H 1
| #define HAVE_SYS_STAT_H 1
| #define HAVE_SYS_TYPES_H 1
| #define HAVE_UNISTD_H 1
| #define STDC_HEADERS 1
| #define HAVE_STDATOMIC_H 1
| #define HAVE_ATOMIC 1
| #define PACKAGE "curl"
| #define VERSION "-"
| #define CURL_OS "x86_64-pc-linux-musl"
| #define HAVE_DLFCN_H 1
| #define LT_OBJDIR ".libs/"
| #define HAVE_LDAP_SSL 1
| #define HAVE_SYS_TYPES_H 1
| #define HAVE_CLOCK_GETTIME_MONOTONIC 1
| #define HAVE_SYS_TYPES_H 1
| #define HAVE_CLOCK_GETTIME_MONOTONIC_RAW 1
| #define HAVE_LIBZ 1
| #define USE_IPV6 1
| #define HAVE_SOCKADDR_IN6_SIN6_SCOPE_ID 1
| #define HAVE_WRITABLE_ARGV 1
| /* end confdefs.h.  */
| 
| 
| #ifdef __cplusplus
| extern "C"
| #endif
| char HMAC_Init_ex ();
| int main(void)
| {
| return HMAC_Init_ex ();
|   return 0;
| }
configure:27788: result: no
configure:27798: checking OpenSSL linking with -ldl
configure:27814: musl-gcc -static -o conftest -Werror-implicit-function-declaration -O2 -Wno-system-headers  -D_GNU_SOURCE -I/run/media/jago_dragon/WebDev/Servers-linux/SharedLibs/zlib-static/include -I/run/media/jago_dragon/WebDev/Servers-linux/SharedLibs/openssl-static/include -static -L/run/media/jago_dragon/WebDev/Servers-linux/SharedLibs/zlib-static/lib -L/run/media/jago_dragon/WebDev/Servers-linux/SharedLibs/zlib-static/lib -L/run/media/jago_dragon/WebDev/Servers-linux/SharedLibs/openssl-static/lib conftest.c -lcrypto -lz -lz -ldl >&5
/usr/bin/x86_64-linux-gnu-ld.bfd: cannot find -lcrypto: No such file or directory
/usr/bin/x86_64-linux-gnu-ld.bfd: have you installed the static version of the crypto library ?
collect2: error: ld returned 1 exit status
configure:27814: $? = 1
configure: failed program was:
| /* confdefs.h */
| #define PACKAGE_NAME "curl"
| #define PACKAGE_TARNAME "curl"
| #define PACKAGE_VERSION "-"
| #define PACKAGE_STRING "curl -"
| #define PACKAGE_BUGREPORT "a suitable curl mailing list: https://curl.se/mail/"
| #define PACKAGE_URL ""
| #define HAVE_STDIO_H 1
| #define HAVE_STDLIB_H 1
| #define HAVE_STRING_H 1
| #define HAVE_INTTYPES_H 1
| #define HAVE_STDINT_H 1
| #define HAVE_STRINGS_H 1
| #define HAVE_SYS_STAT_H 1
| #define HAVE_SYS_TYPES_H 1
| #define HAVE_UNISTD_H 1
| #define STDC_HEADERS 1
| #define HAVE_STDATOMIC_H 1
| #define HAVE_ATOMIC 1
| #define PACKAGE "curl"
| #define VERSION "-"
| #define CURL_OS "x86_64-pc-linux-musl"
| #define HAVE_DLFCN_H 1
| #define LT_OBJDIR ".libs/"
| #define HAVE_LDAP_SSL 1
| #define HAVE_SYS_TYPES_H 1
| #define HAVE_CLOCK_GETTIME_MONOTONIC 1
| #define HAVE_SYS_TYPES_H 1
| #define HAVE_CLOCK_GETTIME_MONOTONIC_RAW 1
| #define HAVE_LIBZ 1
| #define USE_IPV6 1
| #define HAVE_SOCKADDR_IN6_SIN6_SCOPE_ID 1
| #define HAVE_WRITABLE_ARGV 1
| /* end confdefs.h.  */
| 
|         #include <openssl/err.h>
| 
| int main(void)
| {
| 
|         ERR_clear_error();
| 
|   return 0;
| }
configure:27823: result: no
configure:27826: checking OpenSSL linking with -ldl and -lpthread
configure:27843: musl-gcc -static -o conftest -Werror-implicit-function-declaration -O2 -Wno-system-headers  -D_GNU_SOURCE -I/run/media/jago_dragon/WebDev/Servers-linux/SharedLibs/zlib-static/include -I/run/media/jago_dragon/WebDev/Servers-linux/SharedLibs/openssl-static/include -static -L/run/media/jago_dragon/WebDev/Servers-linux/SharedLibs/zlib-static/lib -L/run/media/jago_dragon/WebDev/Servers-linux/SharedLibs/zlib-static/lib -L/run/media/jago_dragon/WebDev/Servers-linux/SharedLibs/openssl-static/lib conftest.c -lcrypto -lz -lz -ldl -lpthread >&5
/usr/bin/x86_64-linux-gnu-ld.bfd: cannot find -lcrypto: No such file or directory
/usr/bin/x86_64-linux-gnu-ld.bfd: have you installed the static version of the crypto library ?
collect2: error: ld returned 1 exit status
configure:27843: $? = 1
configure: failed program was:
| /* confdefs.h */
| #define PACKAGE_NAME "curl"
| #define PACKAGE_TARNAME "curl"
| #define PACKAGE_VERSION "-"
| #define PACKAGE_STRING "curl -"
| #define PACKAGE_BUGREPORT "a suitable curl mailing list: https://curl.se/mail/"
| #define PACKAGE_URL ""
| #define HAVE_STDIO_H 1
| #define HAVE_STDLIB_H 1
| #define HAVE_STRING_H 1
| #define HAVE_INTTYPES_H 1
| #define HAVE_STDINT_H 1
| #define HAVE_STRINGS_H 1
| #define HAVE_SYS_STAT_H 1
| #define HAVE_SYS_TYPES_H 1
| #define HAVE_UNISTD_H 1
| #define STDC_HEADERS 1
| #define HAVE_STDATOMIC_H 1
| #define HAVE_ATOMIC 1
| #define PACKAGE "curl"
| #define VERSION "-"
| #define CURL_OS "x86_64-pc-linux-musl"
| #define HAVE_DLFCN_H 1
| #define LT_OBJDIR ".libs/"
| #define HAVE_LDAP_SSL 1
| #define HAVE_SYS_TYPES_H 1
| #define HAVE_CLOCK_GETTIME_MONOTONIC 1
| #define HAVE_SYS_TYPES_H 1
| #define HAVE_CLOCK_GETTIME_MONOTONIC_RAW 1
| #define HAVE_LIBZ 1
| #define USE_IPV6 1
| #define HAVE_SOCKADDR_IN6_SIN6_SCOPE_ID 1
| #define HAVE_WRITABLE_ARGV 1
| /* end confdefs.h.  */
| 
| 
|           #include <openssl/err.h>
| 
| int main(void)
| {
| 
|           ERR_clear_error();
| 
|   return 0;
| }
configure:27852: result: no
configure:28088: checking for SSL_set_quic_use_legacy_codepoint
configure:28088: musl-gcc -static -o conftest -Werror-implicit-function-declaration -O2 -Wno-system-headers  -D_GNU_SOURCE -I/run/media/jago_dragon/WebDev/Servers-linux/SharedLibs/zlib-static/include -static -L/run/media/jago_dragon/WebDev/Servers-linux/SharedLibs/zlib-static/lib -L/run/media/jago_dragon/WebDev/Servers-linux/SharedLibs/zlib-static/lib conftest.c -lz -lz >&5
/usr/bin/x86_64-linux-gnu-ld.bfd: /tmp/cc8Y9oMm.o: in function `main':
conftest.c:(.text.startup+0x5): undefined reference to `SSL_set_quic_use_legacy_codepoint'
collect2: error: ld returned 1 exit status
configure:28088: $? = 1
configure: failed program was:
| /* confdefs.h */
| #define PACKAGE_NAME "curl"
| #define PACKAGE_TARNAME "curl"
| #define PACKAGE_VERSION "-"
| #define PACKAGE_STRING "curl -"
| #define PACKAGE_BUGREPORT "a suitable curl mailing list: https://curl.se/mail/"
| #define PACKAGE_URL ""
| #define HAVE_STDIO_H 1
| #define HAVE_STDLIB_H 1
| #define HAVE_STRING_H 1
| #define HAVE_INTTYPES_H 1
| #define HAVE_STDINT_H 1
| #define HAVE_STRINGS_H 1
| #define HAVE_SYS_STAT_H 1
| #define HAVE_SYS_TYPES_H 1
| #define HAVE_UNISTD_H 1
| #define STDC_HEADERS 1
| #define HAVE_STDATOMIC_H 1
| #define HAVE_ATOMIC 1
| #define PACKAGE "curl"
| #define VERSION "-"
| #define CURL_OS "x86_64-pc-linux-musl"
| #define HAVE_DLFCN_H 1
| #define LT_OBJDIR ".libs/"
| #define HAVE_LDAP_SSL 1
| #define HAVE_SYS_TYPES_H 1
| #define HAVE_CLOCK_GETTIME_MONOTONIC 1
| #define HAVE_SYS_TYPES_H 1
| #define HAVE_CLOCK_GETTIME_MONOTONIC_RAW 1
| #define HAVE_LIBZ 1
| #define USE_IPV6 1
| #define HAVE_SOCKADDR_IN6_SIN6_SCOPE_ID 1
| #define HAVE_WRITABLE_ARGV 1
| /* end confdefs.h.  */
| 
| #define SSL_set_quic_use_legacy_codepoint innocuous_SSL_set_quic_use_legacy_codepoint
| #ifdef __STDC__
| #  include <limits.h>
| #else
| #  include <assert.h>
| #endif
| #undef SSL_set_quic_use_legacy_codepoint
| #ifdef __cplusplus
| extern "C"
| #endif
| char SSL_set_quic_use_legacy_codepoint ();
| #if defined __stub_SSL_set_quic_use_legacy_codepoint || defined __stub___SSL_set_quic_use_legacy_codepoint
| #error force compilation error
| #endif
| 
| int main(void)
| {
| return SSL_set_quic_use_legacy_codepoint ();
|   return 0;
| }
configure:28088: result: no
configure:28103: checking for SSL_set_quic_tls_cbs
configure:28103: musl-gcc -static -o conftest -Werror-implicit-function-declaration -O2 -Wno-system-headers  -D_GNU_SOURCE -I/run/media/jago_dragon/WebDev/Servers-linux/SharedLibs/zlib-static/include -static -L/run/media/jago_dragon/WebDev/Servers-linux/SharedLibs/zlib-static/lib -L/run/media/jago_dragon/WebDev/Servers-linux/SharedLibs/zlib-static/lib conftest.c -lz -lz >&5
/usr/bin/x86_64-linux-gnu-ld.bfd: /tmp/ccmsoKAL.o: in function `main':
conftest.c:(.text.startup+0x5): undefined reference to `SSL_set_quic_tls_cbs'
collect2: error: ld returned 1 exit status
configure:28103: $? = 1
configure: failed program was:
| /* confdefs.h */
| #define PACKAGE_NAME "curl"
| #define PACKAGE_TARNAME "curl"
| #define PACKAGE_VERSION "-"
| #define PACKAGE_STRING "curl -"
| #define PACKAGE_BUGREPORT "a suitable curl mailing list: https://curl.se/mail/"
| #define PACKAGE_URL ""
| #define HAVE_STDIO_H 1
| #define HAVE_STDLIB_H 1
| #define HAVE_STRING_H 1
| #define HAVE_INTTYPES_H 1
| #define HAVE_STDINT_H 1
| #define HAVE_STRINGS_H 1
| #define HAVE_SYS_STAT_H 1
| #define HAVE_SYS_TYPES_H 1
| #define HAVE_UNISTD_H 1
| #define STDC_HEADERS 1
| #define HAVE_STDATOMIC_H 1
| #define HAVE_ATOMIC 1
| #define PACKAGE "curl"
| #define VERSION "-"
| #define CURL_OS "x86_64-pc-linux-musl"
| #define HAVE_DLFCN_H 1
| #define LT_OBJDIR ".libs/"
| #define HAVE_LDAP_SSL 1
| #define HAVE_SYS_TYPES_H 1
| #define HAVE_CLOCK_GETTIME_MONOTONIC 1
| #define HAVE_SYS_TYPES_H 1
| #define HAVE_CLOCK_GETTIME_MONOTONIC_RAW 1
| #define HAVE_LIBZ 1
| #define USE_IPV6 1
| #define HAVE_SOCKADDR_IN6_SIN6_SCOPE_ID 1
| #define HAVE_WRITABLE_ARGV 1
| /* end confdefs.h.  */
| 
| #define SSL_set_quic_tls_cbs innocuous_SSL_set_quic_tls_cbs
| #ifdef __STDC__
| #  include <limits.h>
| #else
| #  include <assert.h>
| #endif
| #undef SSL_set_quic_tls_cbs
| #ifdef __cplusplus
| extern "C"
| #endif
| char SSL_set_quic_tls_cbs ();
| #if defined __stub_SSL_set_quic_tls_cbs || defined __stub___SSL_set_quic_tls_cbs
| #error force compilation error
| #endif
| 
| int main(void)
| {
| return SSL_set_quic_tls_cbs ();
|   return 0;
| }
configure:28103: result: no
configure:28116: OpenSSL version does not speak any known QUIC API
configure:28136: OPT_OPENSSL: /run/media/jago_dragon/WebDev/Servers-linux/SharedLibs/openssl-static
configure:28138: OPENSSL_ENABLED: 
configure:28140: error: --with-openssl was given but OpenSSL could not be detected

## ---------------- ##
## Cache variables. ##
## ---------------- ##

ac_cv_build=x86_64-pc-linux-musl
ac_cv_c_compiler_gnu=yes
ac_cv_env_CC_set=set
ac_cv_env_CC_value='musl-gcc -static'
ac_cv_env_CFLAGS_set=
ac_cv_env_CFLAGS_value=
ac_cv_env_CPPFLAGS_set=
ac_cv_env_CPPFLAGS_value=
ac_cv_env_CPP_set=
ac_cv_env_CPP_value=
ac_cv_env_LDFLAGS_set=set
ac_cv_env_LDFLAGS_value='-static -L/run/media/jago_dragon/WebDev/Servers-linux/SharedLibs/zlib-static/lib'
ac_cv_env_LIBS_set=set
ac_cv_env_LIBS_value=-lz
ac_cv_env_LT_SYS_LIBRARY_PATH_set=
ac_cv_env_LT_SYS_LIBRARY_PATH_value=
ac_cv_env_build_alias_set=
ac_cv_env_build_alias_value=
ac_cv_env_host_alias_set=
ac_cv_env_host_alias_value=
ac_cv_env_target_alias_set=
ac_cv_env_target_alias_value=
ac_cv_func_SSL_set_quic_tls_cbs=no
ac_cv_func_SSL_set_quic_use_legacy_codepoint=no
ac_cv_func_gethostbyname=yes
ac_cv_header_brotli_decode_h=no
ac_cv_header_dlfcn_h=yes
ac_cv_header_inttypes_h=yes
ac_cv_header_proto_bsdsocket_h=no
ac_cv_header_stdatomic_h=yes
ac_cv_header_stdint_h=yes
ac_cv_header_stdio_h=yes
ac_cv_header_stdlib_h=yes
ac_cv_header_string_h=yes
ac_cv_header_strings_h=yes
ac_cv_header_sys_stat_h=yes
ac_cv_header_sys_types_h=yes
ac_cv_header_unistd_h=yes
ac_cv_header_zlib_h=yes
ac_cv_header_zstd_h=no
ac_cv_host=x86_64-pc-linux-musl
ac_cv_lib_brotlidec_BrotliDecoderDecompress=no
ac_cv_lib_crypto_HMAC_Init_ex=no
ac_cv_lib_crypto_HMAC_Update=no
ac_cv_lib_z_gzread=yes
ac_cv_lib_zstd_ZSTD_createDStream=no
ac_cv_objext=o
ac_cv_path_EGREP='/usr/bin/grep -E'
ac_cv_path_FGREP='/usr/bin/grep -F'
ac_cv_path_GREP=/usr/bin/grep
ac_cv_path_PERL=/usr/bin/perl
ac_cv_path_SED=/usr/bin/sed
ac_cv_path_ac_pt_AR=/usr/bin/ar
ac_cv_path_install='/usr/bin/install -c'
ac_cv_path_lt_DD=/usr/bin/dd
ac_cv_path_mkdir=/usr/bin/mkdir
ac_cv_prog_AWK=gawk
ac_cv_prog_CPP='musl-gcc -static -E'
ac_cv_prog_ac_ct_CC='musl-gcc -static'
ac_cv_prog_ac_ct_FILECMD=file
ac_cv_prog_ac_ct_MANIFEST_TOOL=mt
ac_cv_prog_ac_ct_OBJDUMP=objdump
ac_cv_prog_ac_ct_RANLIB=ranlib
ac_cv_prog_ac_ct_STRIP=strip
ac_cv_prog_cc_c11=
ac_cv_prog_cc_g=yes
ac_cv_prog_cc_stdc=
ac_cv_prog_make_make_set=yes
ac_cv_sys_file_offset_bits=no
ac_cv_sys_largefile_CC=no
am_cv_CC_dependencies_compiler_type=gcc3
am_cv_make_support_nested_variables=yes
am_cv_prog_cc_c_o=yes
curl_cv_android=no
curl_cv_apple=no
curl_cv_def___GNUC__=16
curl_cv_gclk_LIBS=
curl_cv_have_def___DECC=no
curl_cv_have_def___DECC_VER=no
curl_cv_have_def___GNUC__=yes
curl_cv_have_def___HP_cc=no
curl_cv_have_def___IBMC__=no
curl_cv_have_def___INTEL_COMPILER=no
curl_cv_have_def___SUNPRO_C=no
curl_cv_have_def___TINYC__=no
curl_cv_have_def___clang__=no
curl_cv_native_windows=no
curl_cv_save_LIBS=-lz
curl_cv_winuwp=no
curl_cv_writable_argv=yes
lt_cv_ar_at_file=@
lt_cv_deplibs_check_method=pass_all
lt_cv_file_magic_cmd='$MAGIC_CMD'
lt_cv_file_magic_test_file=
lt_cv_ld_reload_flag=-r
lt_cv_nm_interface='BSD nm'
lt_cv_objdir=.libs
lt_cv_path_LD=/usr/bin/x86_64-linux-gnu-ld
lt_cv_path_NM='/usr/bin/nm -B'
lt_cv_path_mainfest_tool=no
lt_cv_prog_compiler_c_o=yes
lt_cv_prog_compiler_c_o_RC=yes
lt_cv_prog_compiler_pic='-fPIC -DPIC'
lt_cv_prog_compiler_pic_works=yes
lt_cv_prog_compiler_rtti_exceptions=no
lt_cv_prog_compiler_static_works=yes
lt_cv_prog_gnu_ld=yes
lt_cv_sharedlib_from_linklib_cmd='printf %s\n'
lt_cv_shlibpath_overrides_runpath=no
lt_cv_sys_global_symbol_pipe='/usr/bin/sed -n -e '\''s/^.*[	 ]\([ABCDGIRSTW][ABCDGIRSTW]*\)[	 ][	 ]*\([_A-Za-z][_A-Za-z0-9]*\)$/\1 \2 \2/p'\'' | /usr/bin/sed '\''/ __gnu_lto/d'\'''
lt_cv_sys_global_symbol_to_c_name_address='/usr/bin/sed -n -e '\''s/^: \(.*\) .*$/  {"\1", (void *) 0},/p'\'' -e '\''s/^[ABCDGIRSTW][ABCDGIRSTW]* .* \(.*\)$/  {"\1", (void *) \&\1},/p'\'''
lt_cv_sys_global_symbol_to_c_name_address_lib_prefix='/usr/bin/sed -n -e '\''s/^: \(.*\) .*$/  {"\1", (void *) 0},/p'\'' -e '\''s/^[ABCDGIRSTW][ABCDGIRSTW]* .* \(lib.*\)$/  {"\1", (void *) \&\1},/p'\'' -e '\''s/^[ABCDGIRSTW][ABCDGIRSTW]* .* \(.*\)$/  {"lib\1", (void *) \&\1},/p'\'''
lt_cv_sys_global_symbol_to_cdecl='/usr/bin/sed -n -e '\''s/^T .* \(.*\)$/extern int \1();/p'\'' -e '\''s/^[ABCDGIRSTW][ABCDGIRSTW]* .* \(.*\)$/extern char \1;/p'\'''
lt_cv_sys_global_symbol_to_import=
lt_cv_sys_max_cmd_len=1572864
lt_cv_to_host_file_cmd=func_convert_file_noop
lt_cv_to_tool_file_cmd=func_convert_file_noop
lt_cv_truncate_bin='/usr/bin/dd bs=4096 count=1'

## ----------------- ##
## Output variables. ##
## ----------------- ##

ACLOCAL='${SHELL} '\''/run/media/jago_dragon/WebDev/Servers-linux/SharedLibs/curl-8.21.0/missing'\'' aclocal-1.16'
AMDEPBACKSLASH='\'
AMDEP_FALSE='#'
AMDEP_TRUE=''
AMTAR='$${TAR-tar}'
AM_BACKSLASH='\'
AM_DEFAULT_V='$(AM_DEFAULT_VERBOSITY)'
AM_DEFAULT_VERBOSITY='0'
AM_V='$(V)'
APXS=''
AR='/usr/bin/ar'
AR_FLAGS='cr'
AS='as'
AUTOCONF='${SHELL} '\''/run/media/jago_dragon/WebDev/Servers-linux/SharedLibs/curl-8.21.0/missing'\'' autoconf'
AUTOHEADER='${SHELL} '\''/run/media/jago_dragon/WebDev/Servers-linux/SharedLibs/curl-8.21.0/missing'\'' autoheader'
AUTOMAKE='${SHELL} '\''/run/media/jago_dragon/WebDev/Servers-linux/SharedLibs/curl-8.21.0/missing'\'' automake-1.16'
AWK='gawk'
BLANK_AT_MAKETIME=''
BUILD_DOCS_FALSE=''
BUILD_DOCS_TRUE=''
BUILD_STUB_GSS_FALSE=''
BUILD_STUB_GSS_TRUE='#'
BUILD_UNITTESTS_FALSE='#'
BUILD_UNITTESTS_TRUE=''
CADDY=''
CC='musl-gcc -static'
CCDEPMODE='depmode=gcc3'
CFLAGS='-Werror-implicit-function-declaration -O2 -Wno-system-headers'
CFLAG_CURL_SYMBOL_HIDING=''
CLANG_FALSE=''
CLANG_TIDY='clang-tidy'
CLANG_TRUE='#'
CONFIGURE_OPTIONS='" '\''--prefix=/run/media/jago_dragon/WebDev/Servers-linux/SharedLibs/curl-static'\'' '\''--with-ssl=/run/media/jago_dragon/WebDev/Servers-linux/SharedLibs/openssl-static'\'' '\''--with-zlib=/run/media/jago_dragon/WebDev/Servers-linux/SharedLibs/zlib-static'\'' '\''--enable-static'\'' '\''--disable-shared'\'' '\''--disable-http3'\'' '\''--disable-quic'\'' '\''--disable-nghttp2'\'' '\''LDFLAGS=-static -L/run/media/jago_dragon/WebDev/Servers-linux/SharedLibs/zlib-static/lib'\'' '\''LIBS=-lz'\'' '\''CC=musl-gcc -static'\''"'
CPP='musl-gcc -static -E'
CPPFLAGS=' -D_GNU_SOURCE -I/run/media/jago_dragon/WebDev/Servers-linux/SharedLibs/zlib-static/include'
CROSSCOMPILING_FALSE=''
CROSSCOMPILING_TRUE=''
CSCOPE='cscope'
CTAGS='ctags'
CURLVERSION='8.21.0'
CURL_CA_BUNDLE=''
CURL_CA_EMBED=''
CURL_CA_EMBED_SET_FALSE=''
CURL_CA_EMBED_SET_TRUE=''
CURL_CFLAG_EXTRAS=''
CURL_CPP=''
CURL_LIBCURL_VERSIONED_SYMBOLS_PREFIX=''
CURL_LIBCURL_VERSIONED_SYMBOLS_SONAME=''
CURL_LT_SHLIB_USE_MIMPURE_TEXT_FALSE=''
CURL_LT_SHLIB_USE_MIMPURE_TEXT_TRUE='#'
CURL_LT_SHLIB_USE_NO_UNDEFINED_FALSE=''
CURL_LT_SHLIB_USE_NO_UNDEFINED_TRUE='#'
CURL_LT_SHLIB_USE_VERSIONED_SYMBOLS_FALSE=''
CURL_LT_SHLIB_USE_VERSIONED_SYMBOLS_TRUE=''
CURL_LT_SHLIB_USE_VERSION_INFO_FALSE='#'
CURL_LT_SHLIB_USE_VERSION_INFO_TRUE=''
CURL_NETWORK_AND_TIME_LIBS='-lz'
CURL_WERROR_FALSE=''
CURL_WERROR_TRUE='#'
CYGPATH_W='echo'
DANTED=''
DEBUGBUILD_FALSE=''
DEBUGBUILD_TRUE='#'
DEFS=''
DEPDIR='.deps'
DLLTOOL='false'
DOING_CURL_SYMBOL_HIDING_FALSE=''
DOING_CURL_SYMBOL_HIDING_TRUE=''
DOING_NATIVE_WINDOWS_FALSE=''
DOING_NATIVE_WINDOWS_TRUE='#'
DSYMUTIL=''
DUMPBIN=''
ECHO_C=''
ECHO_N='-n'
ECHO_T=''
EGREP='/usr/bin/grep -E'
ENABLE_SHARED=''
ENABLE_STATIC=''
ETAGS='etags'
EXEEXT=''
FGREP='/usr/bin/grep -F'
FILECMD='file'
FISH_FUNCTIONS_DIR=''
GCOV=''
GREP='/usr/bin/grep'
H2O=''
HAVE_LIBZ='1'
HAVE_LIBZ_FALSE='#'
HAVE_LIBZ_TRUE=''
HAVE_WINDRES_FALSE=''
HAVE_WINDRES_TRUE='#'
HTTPD=''
HTTPD_NGHTTPX=''
INSTALL_DATA='${INSTALL} -m 644'
INSTALL_PROGRAM='${INSTALL}'
INSTALL_SCRIPT='${INSTALL}'
INSTALL_STRIP_PROGRAM='$(install_sh) -c -s'
LCOV=''
LD='/usr/bin/x86_64-linux-gnu-ld -m elf_x86_64'
LDFLAGS='-static -L/run/media/jago_dragon/WebDev/Servers-linux/SharedLibs/zlib-static/lib -L/run/media/jago_dragon/WebDev/Servers-linux/SharedLibs/zlib-static/lib'
LIBCURL_PC_CFLAGS='-DCURL_STATICLIB'
LIBCURL_PC_CFLAGS_PRIVATE='-DCURL_STATICLIB'
LIBCURL_PC_LDFLAGS_PRIVATE=''
LIBCURL_PC_LIBS=''
LIBCURL_PC_LIBS_PRIVATE=''
LIBCURL_PC_REQUIRES=''
LIBCURL_PC_REQUIRES_PRIVATE=' zlib'
LIBOBJS=''
LIBS='-lz -lz'
LIBTOOL='$(SHELL) $(top_builddir)/libtool'
LIPO=''
LN_S='cp -pR'
LTLIBOBJS=''
LT_SYS_LIBRARY_PATH=''
MAINT='#'
MAINTAINER_MODE_FALSE=''
MAINTAINER_MODE_TRUE='#'
MAKEINFO='${SHELL} '\''/run/media/jago_dragon/WebDev/Servers-linux/SharedLibs/curl-8.21.0/missing'\'' makeinfo'
MANIFEST_TOOL=':'
MKDIR_P='/usr/bin/mkdir -p'
NM='/usr/bin/nm -B'
NMEDIT=''
NOT_CURL_CI_FALSE='#'
NOT_CURL_CI_TRUE=''
OBJDUMP='objdump'
OBJEXT='o'
OTOOL64=''
OTOOL=''
PACKAGE='curl'
PACKAGE_BUGREPORT='a suitable curl mailing list: https://curl.se/mail/'
PACKAGE_NAME='curl'
PACKAGE_STRING='curl -'
PACKAGE_TARNAME='curl'
PACKAGE_URL=''
PACKAGE_VERSION='-'
PATH_SEPARATOR=':'
PERL='/usr/bin/perl'
PERL_FALSE='#'
PERL_TRUE=''
PKGCONFIG='no'
RANLIB='ranlib'
RC=''
SED='/usr/bin/sed'
SET_MAKE=''
SFTPD='/usr/lib/openssh/sftp-server'
SHELL='/bin/bash'
SSHD='/usr/sbin/sshd'
SSL_BACKENDS=''
STRIP='strip'
SUPPORT_FEATURES=''
SUPPORT_PROTOCOLS=''
TEST_NGHTTPX='nghttpx'
USE_CPPFLAG_CURL_STATICLIB_FALSE='#'
USE_CPPFLAG_CURL_STATICLIB_TRUE=''
USE_FISH_COMPLETION_FALSE=''
USE_FISH_COMPLETION_TRUE=''
USE_GSASL_FALSE=''
USE_GSASL_TRUE=''
USE_LIBPSL_FALSE=''
USE_LIBPSL_TRUE=''
USE_MANUAL_FALSE=''
USE_MANUAL_TRUE=''
USE_UNICODE_FALSE=''
USE_UNICODE_TRUE=''
USE_UNITY_FALSE=''
USE_UNITY_TRUE='#'
USE_ZSH_COMPLETION_FALSE=''
USE_ZSH_COMPLETION_TRUE=''
VERSION='-'
VERSIONNUM='081500'
VSFTPD=''
ZLIB_LIBS='-lz'
ZSH_FUNCTIONS_DIR=''
ac_ct_AR=''
ac_ct_CC='musl-gcc -static'
ac_ct_DUMPBIN=''
am__EXEEXT_FALSE=''
am__EXEEXT_TRUE=''
am__fastdepCC_FALSE='#'
am__fastdepCC_TRUE=''
am__include='include'
am__isrc=''
am__leading_dot='.'
am__nodep='_no'
am__quote=''
am__tar='$${TAR-tar} chof - "$$tardir"'
am__untar='$${TAR-tar} xf -'
bindir='${exec_prefix}/bin'
build='x86_64-pc-linux-musl'
build_alias=''
build_cpu='x86_64'
build_os='linux-musl'
build_vendor='pc'
datadir='${datarootdir}'
datarootdir='${prefix}/share'
docdir='${datarootdir}/doc/${PACKAGE_TARNAME}'
dvidir='${docdir}'
exec_prefix='NONE'
host='x86_64-pc-linux-musl'
host_alias=''
host_cpu='x86_64'
host_os='linux-musl'
host_vendor='pc'
htmldir='${docdir}'
includedir='${prefix}/include'
infodir='${datarootdir}/info'
install_sh='${SHELL} /run/media/jago_dragon/WebDev/Servers-linux/SharedLibs/curl-8.21.0/install-sh'
libdir='${exec_prefix}/lib'
libexecdir='${exec_prefix}/libexec'
libext='a'
localedir='${datarootdir}/locale'
localstatedir='${prefix}/var'
mandir='${datarootdir}/man'
mkdir_p='$(MKDIR_P)'
oldincludedir='/usr/include'
pdfdir='${docdir}'
prefix='/run/media/jago_dragon/WebDev/Servers-linux/SharedLibs/curl-static'
program_transform_name='s,x,x,'
psdir='${docdir}'
runstatedir='${localstatedir}/run'
sbindir='${exec_prefix}/sbin'
sharedstatedir='${prefix}/com'
sysconfdir='${prefix}/etc'
target_alias=''

## ----------- ##
## confdefs.h. ##
## ----------- ##

/* confdefs.h */
#define PACKAGE_NAME "curl"
#define PACKAGE_TARNAME "curl"
#define PACKAGE_VERSION "-"
#define PACKAGE_STRING "curl -"
#define PACKAGE_BUGREPORT "a suitable curl mailing list: https://curl.se/mail/"
#define PACKAGE_URL ""
#define HAVE_STDIO_H 1
#define HAVE_STDLIB_H 1
#define HAVE_STRING_H 1
#define HAVE_INTTYPES_H 1
#define HAVE_STDINT_H 1
#define HAVE_STRINGS_H 1
#define HAVE_SYS_STAT_H 1
#define HAVE_SYS_TYPES_H 1
#define HAVE_UNISTD_H 1
#define STDC_HEADERS 1
#define HAVE_STDATOMIC_H 1
#define HAVE_ATOMIC 1
#define PACKAGE "curl"
#define VERSION "-"
#define CURL_OS "x86_64-pc-linux-musl"
#define HAVE_DLFCN_H 1
#define LT_OBJDIR ".libs/"
#define HAVE_LDAP_SSL 1
#define HAVE_SYS_TYPES_H 1
#define HAVE_CLOCK_GETTIME_MONOTONIC 1
#define HAVE_SYS_TYPES_H 1
#define HAVE_CLOCK_GETTIME_MONOTONIC_RAW 1
#define HAVE_LIBZ 1
#define USE_IPV6 1
#define HAVE_SOCKADDR_IN6_SIN6_SCOPE_ID 1
#define HAVE_WRITABLE_ARGV 1

configure: exit 1
